
D:\Dev\Flowcode V11\Components\IO_Source\network\TCPIP_W5500.elf:     file format elf32-avr


Disassembly of section .text:

00000000 <__vectors>:
   0:	0c 94 34 00 	jmp	0x68	; 0x68 <__ctors_end>
   4:	0c 94 51 00 	jmp	0xa2	; 0xa2 <__bad_interrupt>
   8:	0c 94 51 00 	jmp	0xa2	; 0xa2 <__bad_interrupt>
   c:	0c 94 51 00 	jmp	0xa2	; 0xa2 <__bad_interrupt>
  10:	0c 94 51 00 	jmp	0xa2	; 0xa2 <__bad_interrupt>
  14:	0c 94 51 00 	jmp	0xa2	; 0xa2 <__bad_interrupt>
  18:	0c 94 51 00 	jmp	0xa2	; 0xa2 <__bad_interrupt>
  1c:	0c 94 51 00 	jmp	0xa2	; 0xa2 <__bad_interrupt>
  20:	0c 94 51 00 	jmp	0xa2	; 0xa2 <__bad_interrupt>
  24:	0c 94 51 00 	jmp	0xa2	; 0xa2 <__bad_interrupt>
  28:	0c 94 51 00 	jmp	0xa2	; 0xa2 <__bad_interrupt>
  2c:	0c 94 51 00 	jmp	0xa2	; 0xa2 <__bad_interrupt>
  30:	0c 94 51 00 	jmp	0xa2	; 0xa2 <__bad_interrupt>
  34:	0c 94 51 00 	jmp	0xa2	; 0xa2 <__bad_interrupt>
  38:	0c 94 51 00 	jmp	0xa2	; 0xa2 <__bad_interrupt>
  3c:	0c 94 51 00 	jmp	0xa2	; 0xa2 <__bad_interrupt>
  40:	0c 94 51 00 	jmp	0xa2	; 0xa2 <__bad_interrupt>
  44:	0c 94 51 00 	jmp	0xa2	; 0xa2 <__bad_interrupt>
  48:	0c 94 51 00 	jmp	0xa2	; 0xa2 <__bad_interrupt>
  4c:	0c 94 51 00 	jmp	0xa2	; 0xa2 <__bad_interrupt>
  50:	0c 94 51 00 	jmp	0xa2	; 0xa2 <__bad_interrupt>
  54:	0c 94 51 00 	jmp	0xa2	; 0xa2 <__bad_interrupt>
  58:	0c 94 51 00 	jmp	0xa2	; 0xa2 <__bad_interrupt>
  5c:	0c 94 51 00 	jmp	0xa2	; 0xa2 <__bad_interrupt>
  60:	0c 94 51 00 	jmp	0xa2	; 0xa2 <__bad_interrupt>
  64:	0c 94 51 00 	jmp	0xa2	; 0xa2 <__bad_interrupt>

00000068 <__ctors_end>:
  68:	11 24       	eor	r1, r1
  6a:	1f be       	out	0x3f, r1	; 63
  6c:	cf ef       	ldi	r28, 0xFF	; 255
  6e:	d8 e0       	ldi	r29, 0x08	; 8
  70:	de bf       	out	0x3e, r29	; 62
  72:	cd bf       	out	0x3d, r28	; 61

00000074 <__do_copy_data>:
  74:	11 e0       	ldi	r17, 0x01	; 1
  76:	a0 e0       	ldi	r26, 0x00	; 0
  78:	b1 e0       	ldi	r27, 0x01	; 1
  7a:	ea e5       	ldi	r30, 0x5A	; 90
  7c:	ff e0       	ldi	r31, 0x0F	; 15
  7e:	02 c0       	rjmp	.+4      	; 0x84 <.do_copy_data_start>

00000080 <.do_copy_data_loop>:
  80:	05 90       	lpm	r0, Z+
  82:	0d 92       	st	X+, r0

00000084 <.do_copy_data_start>:
  84:	a0 30       	cpi	r26, 0x00	; 0
  86:	b1 07       	cpc	r27, r17
  88:	d9 f7       	brne	.-10     	; 0x80 <.do_copy_data_loop>

0000008a <__do_clear_bss>:
  8a:	14 e0       	ldi	r17, 0x04	; 4
  8c:	a0 e0       	ldi	r26, 0x00	; 0
  8e:	b1 e0       	ldi	r27, 0x01	; 1
  90:	01 c0       	rjmp	.+2      	; 0x94 <.do_clear_bss_start>

00000092 <.do_clear_bss_loop>:
  92:	1d 92       	st	X+, r1

00000094 <.do_clear_bss_start>:
  94:	a9 31       	cpi	r26, 0x19	; 25
  96:	b1 07       	cpc	r27, r17
  98:	e1 f7       	brne	.-8      	; 0x92 <.do_clear_bss_loop>
  9a:	0e 94 a7 07 	call	0xf4e	; 0xf4e <main>
  9e:	0c 94 ab 07 	jmp	0xf56	; 0xf56 <_exit>

000000a2 <__bad_interrupt>:
  a2:	0c 94 00 00 	jmp	0	; 0x0 <__vectors>

000000a6 <FC_CAL_SPI_Master_Init_1>:
  a6:	23 9a       	sbi	0x04, 3	; 4
  a8:	2b 9a       	sbi	0x05, 3	; 5
  aa:	24 98       	cbi	0x04, 4	; 4
  ac:	25 9a       	sbi	0x04, 5	; 4
  ae:	2d 9a       	sbi	0x05, 5	; 5
  b0:	88 e5       	ldi	r24, 0x58	; 88
  b2:	8c bd       	out	0x2c, r24	; 44
  b4:	81 e0       	ldi	r24, 0x01	; 1
  b6:	08 95       	ret

000000b8 <FCM_MAC_ReadWord>:
  b8:	22 9a       	sbi	0x04, 2	; 4
  ba:	2a 98       	cbi	0x05, 2	; 5
  bc:	2d b5       	in	r18, 0x2d	; 45
  be:	9e bd       	out	0x2e, r25	; 46
  c0:	0d b4       	in	r0, 0x2d	; 45
  c2:	07 fe       	sbrs	r0, 7
  c4:	fd cf       	rjmp	.-6      	; 0xc0 <FCM_MAC_ReadWord+0x8>
  c6:	9e b5       	in	r25, 0x2e	; 46
  c8:	9d b5       	in	r25, 0x2d	; 45
  ca:	8e bd       	out	0x2e, r24	; 46
  cc:	0d b4       	in	r0, 0x2d	; 45
  ce:	07 fe       	sbrs	r0, 7
  d0:	fd cf       	rjmp	.-6      	; 0xcc <FCM_MAC_ReadWord+0x14>
  d2:	8e b5       	in	r24, 0x2e	; 46
  d4:	80 91 0b 01 	lds	r24, 0x010B
  d8:	9d b5       	in	r25, 0x2d	; 45
  da:	8e bd       	out	0x2e, r24	; 46
  dc:	0d b4       	in	r0, 0x2d	; 45
  de:	07 fe       	sbrs	r0, 7
  e0:	fd cf       	rjmp	.-6      	; 0xdc <FCM_MAC_ReadWord+0x24>
  e2:	8e b5       	in	r24, 0x2e	; 46
  e4:	8d b5       	in	r24, 0x2d	; 45
  e6:	8a ea       	ldi	r24, 0xAA	; 170
  e8:	8e bd       	out	0x2e, r24	; 46
  ea:	0d b4       	in	r0, 0x2d	; 45
  ec:	07 fe       	sbrs	r0, 7
  ee:	fd cf       	rjmp	.-6      	; 0xea <FCM_MAC_ReadWord+0x32>
  f0:	4e b5       	in	r20, 0x2e	; 46
  f2:	8d b5       	in	r24, 0x2d	; 45
  f4:	8a ea       	ldi	r24, 0xAA	; 170
  f6:	8e bd       	out	0x2e, r24	; 46
  f8:	0d b4       	in	r0, 0x2d	; 45
  fa:	07 fe       	sbrs	r0, 7
  fc:	fd cf       	rjmp	.-6      	; 0xf8 <FCM_MAC_ReadWord+0x40>
  fe:	2e b5       	in	r18, 0x2e	; 46
 100:	30 e0       	ldi	r19, 0x00	; 0
 102:	22 9a       	sbi	0x04, 2	; 4
 104:	2a 9a       	sbi	0x05, 2	; 5
 106:	94 2f       	mov	r25, r20
 108:	80 e0       	ldi	r24, 0x00	; 0
 10a:	28 2b       	or	r18, r24
 10c:	39 2b       	or	r19, r25
 10e:	c9 01       	movw	r24, r18
 110:	08 95       	ret

00000112 <FCM_MAC_WriteArray>:
 112:	22 9a       	sbi	0x04, 2	; 4
 114:	2a 98       	cbi	0x05, 2	; 5
 116:	4d b5       	in	r20, 0x2d	; 45
 118:	9e bd       	out	0x2e, r25	; 46
 11a:	0d b4       	in	r0, 0x2d	; 45
 11c:	07 fe       	sbrs	r0, 7
 11e:	fd cf       	rjmp	.-6      	; 0x11a <FCM_MAC_WriteArray+0x8>
 120:	9e b5       	in	r25, 0x2e	; 46
 122:	9d b5       	in	r25, 0x2d	; 45
 124:	8e bd       	out	0x2e, r24	; 46
 126:	0d b4       	in	r0, 0x2d	; 45
 128:	07 fe       	sbrs	r0, 7
 12a:	fd cf       	rjmp	.-6      	; 0x126 <FCM_MAC_WriteArray+0x14>
 12c:	8e b5       	in	r24, 0x2e	; 46
 12e:	80 91 0b 01 	lds	r24, 0x010B
 132:	84 60       	ori	r24, 0x04	; 4
 134:	9d b5       	in	r25, 0x2d	; 45
 136:	8e bd       	out	0x2e, r24	; 46
 138:	0d b4       	in	r0, 0x2d	; 45
 13a:	07 fe       	sbrs	r0, 7
 13c:	fd cf       	rjmp	.-6      	; 0x138 <FCM_MAC_WriteArray+0x26>
 13e:	8e b5       	in	r24, 0x2e	; 46
 140:	40 e0       	ldi	r20, 0x00	; 0
 142:	50 e0       	ldi	r21, 0x00	; 0
 144:	0c c0       	rjmp	.+24     	; 0x15e <FCM_MAC_WriteArray+0x4c>
 146:	fb 01       	movw	r30, r22
 148:	e4 0f       	add	r30, r20
 14a:	f5 1f       	adc	r31, r21
 14c:	80 81       	ld	r24, Z
 14e:	9d b5       	in	r25, 0x2d	; 45
 150:	8e bd       	out	0x2e, r24	; 46
 152:	0d b4       	in	r0, 0x2d	; 45
 154:	07 fe       	sbrs	r0, 7
 156:	fd cf       	rjmp	.-6      	; 0x152 <FCM_MAC_WriteArray+0x40>
 158:	8e b5       	in	r24, 0x2e	; 46
 15a:	4f 5f       	subi	r20, 0xFF	; 255
 15c:	5f 4f       	sbci	r21, 0xFF	; 255
 15e:	42 17       	cp	r20, r18
 160:	53 07       	cpc	r21, r19
 162:	88 f3       	brcs	.-30     	; 0x146 <FCM_MAC_WriteArray+0x34>
 164:	22 9a       	sbi	0x04, 2	; 4
 166:	2a 9a       	sbi	0x05, 2	; 5
 168:	08 95       	ret

0000016a <FCM_MAC_ReadArray>:
 16a:	22 9a       	sbi	0x04, 2	; 4
 16c:	2a 98       	cbi	0x05, 2	; 5
 16e:	4d b5       	in	r20, 0x2d	; 45
 170:	9e bd       	out	0x2e, r25	; 46
 172:	0d b4       	in	r0, 0x2d	; 45
 174:	07 fe       	sbrs	r0, 7
 176:	fd cf       	rjmp	.-6      	; 0x172 <FCM_MAC_ReadArray+0x8>
 178:	9e b5       	in	r25, 0x2e	; 46
 17a:	9d b5       	in	r25, 0x2d	; 45
 17c:	8e bd       	out	0x2e, r24	; 46
 17e:	0d b4       	in	r0, 0x2d	; 45
 180:	07 fe       	sbrs	r0, 7
 182:	fd cf       	rjmp	.-6      	; 0x17e <FCM_MAC_ReadArray+0x14>
 184:	8e b5       	in	r24, 0x2e	; 46
 186:	80 91 0b 01 	lds	r24, 0x010B
 18a:	9d b5       	in	r25, 0x2d	; 45
 18c:	8e bd       	out	0x2e, r24	; 46
 18e:	0d b4       	in	r0, 0x2d	; 45
 190:	07 fe       	sbrs	r0, 7
 192:	fd cf       	rjmp	.-6      	; 0x18e <FCM_MAC_ReadArray+0x24>
 194:	8e b5       	in	r24, 0x2e	; 46
 196:	40 e0       	ldi	r20, 0x00	; 0
 198:	50 e0       	ldi	r21, 0x00	; 0
 19a:	9a ea       	ldi	r25, 0xAA	; 170
 19c:	0c c0       	rjmp	.+24     	; 0x1b6 <FCM_MAC_ReadArray+0x4c>
 19e:	8d b5       	in	r24, 0x2d	; 45
 1a0:	9e bd       	out	0x2e, r25	; 46
 1a2:	0d b4       	in	r0, 0x2d	; 45
 1a4:	07 fe       	sbrs	r0, 7
 1a6:	fd cf       	rjmp	.-6      	; 0x1a2 <FCM_MAC_ReadArray+0x38>
 1a8:	8e b5       	in	r24, 0x2e	; 46
 1aa:	fb 01       	movw	r30, r22
 1ac:	e4 0f       	add	r30, r20
 1ae:	f5 1f       	adc	r31, r21
 1b0:	80 83       	st	Z, r24
 1b2:	4f 5f       	subi	r20, 0xFF	; 255
 1b4:	5f 4f       	sbci	r21, 0xFF	; 255
 1b6:	42 17       	cp	r20, r18
 1b8:	53 07       	cpc	r21, r19
 1ba:	88 f3       	brcs	.-30     	; 0x19e <FCM_MAC_ReadArray+0x34>
 1bc:	22 9a       	sbi	0x04, 2	; 4
 1be:	2a 9a       	sbi	0x05, 2	; 5
 1c0:	08 95       	ret

000001c2 <FCM_TxStart>:
 1c2:	1f 93       	push	r17
 1c4:	18 2f       	mov	r17, r24
 1c6:	82 95       	swap	r24
 1c8:	88 0f       	add	r24, r24
 1ca:	80 7e       	andi	r24, 0xE0	; 224
 1cc:	88 5f       	subi	r24, 0xF8	; 248
 1ce:	80 93 0b 01 	sts	0x010B, r24
 1d2:	84 e2       	ldi	r24, 0x24	; 36
 1d4:	90 e0       	ldi	r25, 0x00	; 0
 1d6:	0e 94 5c 00 	call	0xb8	; 0xb8 <FCM_MAC_ReadWord>
 1da:	a1 2f       	mov	r26, r17
 1dc:	b0 e0       	ldi	r27, 0x00	; 0
 1de:	aa 0f       	add	r26, r26
 1e0:	bb 1f       	adc	r27, r27
 1e2:	fd 01       	movw	r30, r26
 1e4:	eb 5a       	subi	r30, 0xAB	; 171
 1e6:	fe 4f       	sbci	r31, 0xFE	; 254
 1e8:	91 83       	std	Z+1, r25	; 0x01
 1ea:	80 83       	st	Z, r24
 1ec:	a3 5f       	subi	r26, 0xF3	; 243
 1ee:	bb 4f       	sbci	r27, 0xFB	; 251
 1f0:	11 96       	adiw	r26, 0x01	; 1
 1f2:	1c 92       	st	X, r1
 1f4:	1e 92       	st	-X, r1
 1f6:	1f 91       	pop	r17
 1f8:	08 95       	ret

000001fa <FCM_RxReadArray>:
 1fa:	0f 93       	push	r16
 1fc:	1f 93       	push	r17
 1fe:	cf 93       	push	r28
 200:	df 93       	push	r29
 202:	98 2f       	mov	r25, r24
 204:	89 01       	movw	r16, r18
 206:	82 95       	swap	r24
 208:	88 0f       	add	r24, r24
 20a:	80 7e       	andi	r24, 0xE0	; 224
 20c:	88 5e       	subi	r24, 0xE8	; 232
 20e:	80 93 0b 01 	sts	0x010B, r24
 212:	c9 2f       	mov	r28, r25
 214:	d0 e0       	ldi	r29, 0x00	; 0
 216:	cc 0f       	add	r28, r28
 218:	dd 1f       	adc	r29, r29
 21a:	cc 5e       	subi	r28, 0xEC	; 236
 21c:	de 4f       	sbci	r29, 0xFE	; 254
 21e:	88 81       	ld	r24, Y
 220:	99 81       	ldd	r25, Y+1	; 0x01
 222:	48 ee       	ldi	r20, 0xE8	; 232
 224:	53 e0       	ldi	r21, 0x03	; 3
 226:	0e 94 b5 00 	call	0x16a	; 0x16a <FCM_MAC_ReadArray>
 22a:	88 81       	ld	r24, Y
 22c:	99 81       	ldd	r25, Y+1	; 0x01
 22e:	80 0f       	add	r24, r16
 230:	91 1f       	adc	r25, r17
 232:	99 83       	std	Y+1, r25	; 0x01
 234:	88 83       	st	Y, r24
 236:	df 91       	pop	r29
 238:	cf 91       	pop	r28
 23a:	1f 91       	pop	r17
 23c:	0f 91       	pop	r16
 23e:	08 95       	ret

00000240 <FCM_MAC_WriteByte>:
 240:	22 9a       	sbi	0x04, 2	; 4
 242:	2a 98       	cbi	0x05, 2	; 5
 244:	2d b5       	in	r18, 0x2d	; 45
 246:	9e bd       	out	0x2e, r25	; 46
 248:	0d b4       	in	r0, 0x2d	; 45
 24a:	07 fe       	sbrs	r0, 7
 24c:	fd cf       	rjmp	.-6      	; 0x248 <FCM_MAC_WriteByte+0x8>
 24e:	9e b5       	in	r25, 0x2e	; 46
 250:	9d b5       	in	r25, 0x2d	; 45
 252:	8e bd       	out	0x2e, r24	; 46
 254:	0d b4       	in	r0, 0x2d	; 45
 256:	07 fe       	sbrs	r0, 7
 258:	fd cf       	rjmp	.-6      	; 0x254 <FCM_MAC_WriteByte+0x14>
 25a:	8e b5       	in	r24, 0x2e	; 46
 25c:	80 91 0b 01 	lds	r24, 0x010B
 260:	8c 5f       	subi	r24, 0xFC	; 252
 262:	9d b5       	in	r25, 0x2d	; 45
 264:	8e bd       	out	0x2e, r24	; 46
 266:	0d b4       	in	r0, 0x2d	; 45
 268:	07 fe       	sbrs	r0, 7
 26a:	fd cf       	rjmp	.-6      	; 0x266 <FCM_MAC_WriteByte+0x26>
 26c:	8e b5       	in	r24, 0x2e	; 46
 26e:	8d b5       	in	r24, 0x2d	; 45
 270:	6e bd       	out	0x2e, r22	; 46
 272:	0d b4       	in	r0, 0x2d	; 45
 274:	07 fe       	sbrs	r0, 7
 276:	fd cf       	rjmp	.-6      	; 0x272 <FCM_MAC_WriteByte+0x32>
 278:	8e b5       	in	r24, 0x2e	; 46
 27a:	22 9a       	sbi	0x04, 2	; 4
 27c:	2a 9a       	sbi	0x05, 2	; 5
 27e:	08 95       	ret

00000280 <FCM_MAC_ReadByte>:
 280:	22 9a       	sbi	0x04, 2	; 4
 282:	2a 98       	cbi	0x05, 2	; 5
 284:	2d b5       	in	r18, 0x2d	; 45
 286:	9e bd       	out	0x2e, r25	; 46
 288:	0d b4       	in	r0, 0x2d	; 45
 28a:	07 fe       	sbrs	r0, 7
 28c:	fd cf       	rjmp	.-6      	; 0x288 <FCM_MAC_ReadByte+0x8>
 28e:	9e b5       	in	r25, 0x2e	; 46
 290:	9d b5       	in	r25, 0x2d	; 45
 292:	8e bd       	out	0x2e, r24	; 46
 294:	0d b4       	in	r0, 0x2d	; 45
 296:	07 fe       	sbrs	r0, 7
 298:	fd cf       	rjmp	.-6      	; 0x294 <FCM_MAC_ReadByte+0x14>
 29a:	8e b5       	in	r24, 0x2e	; 46
 29c:	80 91 0b 01 	lds	r24, 0x010B
 2a0:	9d b5       	in	r25, 0x2d	; 45
 2a2:	8e bd       	out	0x2e, r24	; 46
 2a4:	0d b4       	in	r0, 0x2d	; 45
 2a6:	07 fe       	sbrs	r0, 7
 2a8:	fd cf       	rjmp	.-6      	; 0x2a4 <FCM_MAC_ReadByte+0x24>
 2aa:	8e b5       	in	r24, 0x2e	; 46
 2ac:	8d b5       	in	r24, 0x2d	; 45
 2ae:	8a ea       	ldi	r24, 0xAA	; 170
 2b0:	8e bd       	out	0x2e, r24	; 46
 2b2:	0d b4       	in	r0, 0x2d	; 45
 2b4:	07 fe       	sbrs	r0, 7
 2b6:	fd cf       	rjmp	.-6      	; 0x2b2 <FCM_MAC_ReadByte+0x32>
 2b8:	8e b5       	in	r24, 0x2e	; 46
 2ba:	22 9a       	sbi	0x04, 2	; 4
 2bc:	2a 9a       	sbi	0x05, 2	; 5
 2be:	08 95       	ret

000002c0 <FCM_RxDataAvailable>:
 2c0:	4f 92       	push	r4
 2c2:	5f 92       	push	r5
 2c4:	6f 92       	push	r6
 2c6:	7f 92       	push	r7
 2c8:	8f 92       	push	r8
 2ca:	9f 92       	push	r9
 2cc:	af 92       	push	r10
 2ce:	bf 92       	push	r11
 2d0:	df 92       	push	r13
 2d2:	ef 92       	push	r14
 2d4:	ff 92       	push	r15
 2d6:	0f 93       	push	r16
 2d8:	1f 93       	push	r17
 2da:	cf 93       	push	r28
 2dc:	df 93       	push	r29
 2de:	f8 2e       	mov	r15, r24
 2e0:	d8 2e       	mov	r13, r24
 2e2:	dd 0c       	add	r13, r13
 2e4:	dd 0c       	add	r13, r13
 2e6:	8d 2d       	mov	r24, r13
 2e8:	8f 5f       	subi	r24, 0xFF	; 255
 2ea:	88 0f       	add	r24, r24
 2ec:	88 0f       	add	r24, r24
 2ee:	88 0f       	add	r24, r24
 2f0:	80 93 0b 01 	sts	0x010B, r24
 2f4:	86 e2       	ldi	r24, 0x26	; 38
 2f6:	90 e0       	ldi	r25, 0x00	; 0
 2f8:	0e 94 5c 00 	call	0xb8	; 0xb8 <FCM_MAC_ReadWord>
 2fc:	8c 01       	movw	r16, r24
 2fe:	00 97       	sbiw	r24, 0x00	; 0
 300:	09 f4       	brne	.+2      	; 0x304 <FCM_RxDataAvailable+0x44>
 302:	dd c0       	rjmp	.+442    	; 0x4be <FCM_RxDataAvailable+0x1fe>
 304:	83 e0       	ldi	r24, 0x03	; 3
 306:	90 e0       	ldi	r25, 0x00	; 0
 308:	0e 94 40 01 	call	0x280	; 0x280 <FCM_MAC_ReadByte>
 30c:	82 33       	cpi	r24, 0x32	; 50
 30e:	51 f0       	breq	.+20     	; 0x324 <FCM_RxDataAvailable+0x64>
 310:	82 34       	cpi	r24, 0x42	; 66
 312:	79 f0       	breq	.+30     	; 0x332 <FCM_RxDataAvailable+0x72>
 314:	ef 2d       	mov	r30, r15
 316:	f0 e0       	ldi	r31, 0x00	; 0
 318:	82 32       	cpi	r24, 0x22	; 34
 31a:	89 f4       	brne	.+34     	; 0x33e <FCM_RxDataAvailable+0x7e>
 31c:	ef 5a       	subi	r30, 0xAF	; 175
 31e:	fe 4f       	sbci	r31, 0xFE	; 254
 320:	88 e0       	ldi	r24, 0x08	; 8
 322:	05 c0       	rjmp	.+10     	; 0x32e <FCM_RxDataAvailable+0x6e>
 324:	ef 2d       	mov	r30, r15
 326:	f0 e0       	ldi	r31, 0x00	; 0
 328:	ef 5a       	subi	r30, 0xAF	; 175
 32a:	fe 4f       	sbci	r31, 0xFE	; 254
 32c:	86 e0       	ldi	r24, 0x06	; 6
 32e:	80 83       	st	Z, r24
 330:	09 c0       	rjmp	.+18     	; 0x344 <FCM_RxDataAvailable+0x84>
 332:	ef 2d       	mov	r30, r15
 334:	f0 e0       	ldi	r31, 0x00	; 0
 336:	ef 5a       	subi	r30, 0xAF	; 175
 338:	fe 4f       	sbci	r31, 0xFE	; 254
 33a:	82 e0       	ldi	r24, 0x02	; 2
 33c:	f8 cf       	rjmp	.-16     	; 0x32e <FCM_RxDataAvailable+0x6e>
 33e:	ef 5a       	subi	r30, 0xAF	; 175
 340:	fe 4f       	sbci	r31, 0xFE	; 254
 342:	10 82       	st	Z, r1
 344:	8f 2c       	mov	r8, r15
 346:	99 24       	eor	r9, r9
 348:	31 e5       	ldi	r19, 0x51	; 81
 34a:	a3 2e       	mov	r10, r19
 34c:	31 e0       	ldi	r19, 0x01	; 1
 34e:	b3 2e       	mov	r11, r19
 350:	a8 0c       	add	r10, r8
 352:	b9 1c       	adc	r11, r9
 354:	f5 01       	movw	r30, r10
 356:	80 81       	ld	r24, Z
 358:	90 e0       	ldi	r25, 0x00	; 0
 35a:	08 17       	cp	r16, r24
 35c:	19 07       	cpc	r17, r25
 35e:	08 f4       	brcc	.+2      	; 0x362 <FCM_RxDataAvailable+0xa2>
 360:	ae c0       	rjmp	.+348    	; 0x4be <FCM_RxDataAvailable+0x1fe>
 362:	80 81       	ld	r24, Z
 364:	e4 01       	movw	r28, r8
 366:	cc 0f       	add	r28, r28
 368:	dd 1f       	adc	r29, r29
 36a:	74 01       	movw	r14, r8
 36c:	93 e0       	ldi	r25, 0x03	; 3
 36e:	ee 0c       	add	r14, r14
 370:	ff 1c       	adc	r15, r15
 372:	9a 95       	dec	r25
 374:	e1 f7       	brne	.-8      	; 0x36e <FCM_RxDataAvailable+0xae>
 376:	88 23       	and	r24, r24
 378:	09 f4       	brne	.+2      	; 0x37c <FCM_RxDataAvailable+0xbc>
 37a:	67 c0       	rjmp	.+206    	; 0x44a <FCM_RxDataAvailable+0x18a>
 37c:	88 e2       	ldi	r24, 0x28	; 40
 37e:	90 e0       	ldi	r25, 0x00	; 0
 380:	0e 94 5c 00 	call	0xb8	; 0xb8 <FCM_MAC_ReadWord>
 384:	97 70       	andi	r25, 0x07	; 7
 386:	fe 01       	movw	r30, r28
 388:	ec 5e       	subi	r30, 0xEC	; 236
 38a:	fe 4f       	sbci	r31, 0xFE	; 254
 38c:	91 83       	std	Z+1, r25	; 0x01
 38e:	80 83       	st	Z, r24
 390:	23 e0       	ldi	r18, 0x03	; 3
 392:	d2 0e       	add	r13, r18
 394:	dd 0c       	add	r13, r13
 396:	dd 0c       	add	r13, r13
 398:	dd 0c       	add	r13, r13
 39a:	d0 92 0b 01 	sts	0x010B, r13
 39e:	dd 24       	eor	r13, r13
 3a0:	35 01       	movw	r6, r10
 3a2:	2e 01       	movw	r4, r28
 3a4:	ef 01       	movw	r28, r30
 3a6:	11 c0       	rjmp	.+34     	; 0x3ca <FCM_RxDataAvailable+0x10a>
 3a8:	87 01       	movw	r16, r14
 3aa:	0d 0d       	add	r16, r13
 3ac:	11 1d       	adc	r17, r1
 3ae:	88 81       	ld	r24, Y
 3b0:	99 81       	ldd	r25, Y+1	; 0x01
 3b2:	0e 94 40 01 	call	0x280	; 0x280 <FCM_MAC_ReadByte>
 3b6:	09 5d       	subi	r16, 0xD9	; 217
 3b8:	1e 4f       	sbci	r17, 0xFE	; 254
 3ba:	f8 01       	movw	r30, r16
 3bc:	80 83       	st	Z, r24
 3be:	d3 94       	inc	r13
 3c0:	88 81       	ld	r24, Y
 3c2:	99 81       	ldd	r25, Y+1	; 0x01
 3c4:	01 96       	adiw	r24, 0x01	; 1
 3c6:	99 83       	std	Y+1, r25	; 0x01
 3c8:	88 83       	st	Y, r24
 3ca:	f3 01       	movw	r30, r6
 3cc:	80 81       	ld	r24, Z
 3ce:	d8 16       	cp	r13, r24
 3d0:	58 f3       	brcs	.-42     	; 0x3a8 <FCM_RxDataAvailable+0xe8>
 3d2:	f5 01       	movw	r30, r10
 3d4:	80 81       	ld	r24, Z
 3d6:	f7 01       	movw	r30, r14
 3d8:	32 97       	sbiw	r30, 0x02	; 2
 3da:	e8 0f       	add	r30, r24
 3dc:	f1 1d       	adc	r31, r1
 3de:	e9 5d       	subi	r30, 0xD9	; 217
 3e0:	fe 4f       	sbci	r31, 0xFE	; 254
 3e2:	80 81       	ld	r24, Z
 3e4:	90 e0       	ldi	r25, 0x00	; 0
 3e6:	d2 01       	movw	r26, r4
 3e8:	a4 5f       	subi	r26, 0xF4	; 244
 3ea:	be 4f       	sbci	r27, 0xFE	; 254
 3ec:	11 96       	adiw	r26, 0x01	; 1
 3ee:	9c 93       	st	X, r25
 3f0:	8e 93       	st	-X, r24
 3f2:	8d 91       	ld	r24, X+
 3f4:	9c 91       	ld	r25, X
 3f6:	11 97       	sbiw	r26, 0x01	; 1
 3f8:	98 2f       	mov	r25, r24
 3fa:	88 27       	eor	r24, r24
 3fc:	11 96       	adiw	r26, 0x01	; 1
 3fe:	9c 93       	st	X, r25
 400:	8e 93       	st	-X, r24
 402:	2d 91       	ld	r18, X+
 404:	3c 91       	ld	r19, X
 406:	11 97       	sbiw	r26, 0x01	; 1
 408:	f5 01       	movw	r30, r10
 40a:	80 81       	ld	r24, Z
 40c:	f7 01       	movw	r30, r14
 40e:	31 97       	sbiw	r30, 0x01	; 1
 410:	e8 0f       	add	r30, r24
 412:	f1 1d       	adc	r31, r1
 414:	e9 5d       	subi	r30, 0xD9	; 217
 416:	fe 4f       	sbci	r31, 0xFE	; 254
 418:	80 81       	ld	r24, Z
 41a:	90 e0       	ldi	r25, 0x00	; 0
 41c:	82 2b       	or	r24, r18
 41e:	93 2b       	or	r25, r19
 420:	11 96       	adiw	r26, 0x01	; 1
 422:	9c 93       	st	X, r25
 424:	8e 93       	st	-X, r24
 426:	97 01       	movw	r18, r14
 428:	2b 5f       	subi	r18, 0xFB	; 251
 42a:	3f 4f       	sbci	r19, 0xFF	; 255
 42c:	97 e0       	ldi	r25, 0x07	; 7
 42e:	f9 01       	movw	r30, r18
 430:	e9 5d       	subi	r30, 0xD9	; 217
 432:	fe 4f       	sbci	r31, 0xFE	; 254
 434:	80 81       	ld	r24, Z
 436:	f9 01       	movw	r30, r18
 438:	e7 5d       	subi	r30, 0xD7	; 215
 43a:	fe 4f       	sbci	r31, 0xFE	; 254
 43c:	80 83       	st	Z, r24
 43e:	91 50       	subi	r25, 0x01	; 1
 440:	21 50       	subi	r18, 0x01	; 1
 442:	30 40       	sbci	r19, 0x00	; 0
 444:	91 30       	cpi	r25, 0x01	; 1
 446:	99 f7       	brne	.-26     	; 0x42e <FCM_RxDataAvailable+0x16e>
 448:	18 c0       	rjmp	.+48     	; 0x47a <FCM_RxDataAvailable+0x1ba>
 44a:	88 e2       	ldi	r24, 0x28	; 40
 44c:	90 e0       	ldi	r25, 0x00	; 0
 44e:	0e 94 5c 00 	call	0xb8	; 0xb8 <FCM_MAC_ReadWord>
 452:	fe 01       	movw	r30, r28
 454:	ec 5e       	subi	r30, 0xEC	; 236
 456:	fe 4f       	sbci	r31, 0xFE	; 254
 458:	91 83       	std	Z+1, r25	; 0x01
 45a:	80 83       	st	Z, r24
 45c:	c4 5f       	subi	r28, 0xF4	; 244
 45e:	de 4f       	sbci	r29, 0xFE	; 254
 460:	19 83       	std	Y+1, r17	; 0x01
 462:	08 83       	st	Y, r16
 464:	c7 01       	movw	r24, r14
 466:	07 96       	adiw	r24, 0x07	; 7
 468:	27 e0       	ldi	r18, 0x07	; 7
 46a:	fc 01       	movw	r30, r24
 46c:	e9 5d       	subi	r30, 0xD9	; 217
 46e:	fe 4f       	sbci	r31, 0xFE	; 254
 470:	10 82       	st	Z, r1
 472:	21 50       	subi	r18, 0x01	; 1
 474:	01 97       	sbiw	r24, 0x01	; 1
 476:	21 30       	cpi	r18, 0x01	; 1
 478:	c1 f7       	brne	.-16     	; 0x46a <FCM_RxDataAvailable+0x1aa>
 47a:	f4 01       	movw	r30, r8
 47c:	ee 0f       	add	r30, r30
 47e:	ff 1f       	adc	r31, r31
 480:	e4 5f       	subi	r30, 0xF4	; 244
 482:	fe 4f       	sbci	r31, 0xFE	; 254
 484:	80 81       	ld	r24, Z
 486:	91 81       	ldd	r25, Z+1	; 0x01
 488:	d7 01       	movw	r26, r14
 48a:	a8 5d       	subi	r26, 0xD8	; 216
 48c:	be 4f       	sbci	r27, 0xFE	; 254
 48e:	8c 93       	st	X, r24
 490:	80 81       	ld	r24, Z
 492:	91 81       	ldd	r25, Z+1	; 0x01
 494:	27 e2       	ldi	r18, 0x27	; 39
 496:	31 e0       	ldi	r19, 0x01	; 1
 498:	e2 0e       	add	r14, r18
 49a:	f3 1e       	adc	r15, r19
 49c:	f7 01       	movw	r30, r14
 49e:	90 83       	st	Z, r25
 4a0:	f4 01       	movw	r30, r8
 4a2:	ee 0f       	add	r30, r30
 4a4:	ff 1f       	adc	r31, r31
 4a6:	e4 5f       	subi	r30, 0xF4	; 244
 4a8:	fe 4f       	sbci	r31, 0xFE	; 254
 4aa:	80 81       	ld	r24, Z
 4ac:	91 81       	ldd	r25, Z+1	; 0x01
 4ae:	8f 3f       	cpi	r24, 0xFF	; 255
 4b0:	91 05       	cpc	r25, r1
 4b2:	10 f0       	brcs	.+4      	; 0x4b8 <FCM_RxDataAvailable+0x1f8>
 4b4:	8f ef       	ldi	r24, 0xFF	; 255
 4b6:	04 c0       	rjmp	.+8      	; 0x4c0 <FCM_RxDataAvailable+0x200>
 4b8:	80 81       	ld	r24, Z
 4ba:	91 81       	ldd	r25, Z+1	; 0x01
 4bc:	01 c0       	rjmp	.+2      	; 0x4c0 <FCM_RxDataAvailable+0x200>
 4be:	80 e0       	ldi	r24, 0x00	; 0
 4c0:	df 91       	pop	r29
 4c2:	cf 91       	pop	r28
 4c4:	1f 91       	pop	r17
 4c6:	0f 91       	pop	r16
 4c8:	ff 90       	pop	r15
 4ca:	ef 90       	pop	r14
 4cc:	df 90       	pop	r13
 4ce:	bf 90       	pop	r11
 4d0:	af 90       	pop	r10
 4d2:	9f 90       	pop	r9
 4d4:	8f 90       	pop	r8
 4d6:	7f 90       	pop	r7
 4d8:	6f 90       	pop	r6
 4da:	5f 90       	pop	r5
 4dc:	4f 90       	pop	r4
 4de:	08 95       	ret

000004e0 <FCM_DHCP_Parse>:
 4e0:	ef 92       	push	r14
 4e2:	ff 92       	push	r15
 4e4:	0f 93       	push	r16
 4e6:	1f 93       	push	r17
 4e8:	cf 93       	push	r28
 4ea:	df 93       	push	r29
 4ec:	80 e0       	ldi	r24, 0x00	; 0
 4ee:	0e 94 60 01 	call	0x2c0	; 0x2c0 <FCM_RxDataAvailable>
 4f2:	08 2f       	mov	r16, r24
 4f4:	e0 90 0c 01 	lds	r14, 0x010C
 4f8:	f0 90 0d 01 	lds	r15, 0x010D
 4fc:	81 ef       	ldi	r24, 0xF1	; 241
 4fe:	e8 16       	cp	r14, r24
 500:	f1 04       	cpc	r15, r1
 502:	08 f4       	brcc	.+2      	; 0x506 <FCM_DHCP_Parse+0x26>
 504:	4e c1       	rjmp	.+668    	; 0x7a2 <FCM_DHCP_Parse+0x2c2>
 506:	80 e0       	ldi	r24, 0x00	; 0
 508:	65 ee       	ldi	r22, 0xE5	; 229
 50a:	71 e0       	ldi	r23, 0x01	; 1
 50c:	44 e2       	ldi	r20, 0x24	; 36
 50e:	52 e0       	ldi	r21, 0x02	; 2
 510:	97 01       	movw	r18, r14
 512:	0e 94 fd 00 	call	0x1fa	; 0x1fa <FCM_RxReadArray>
 516:	80 91 f5 01 	lds	r24, 0x01F5
 51a:	80 93 4d 01 	sts	0x014D, r24
 51e:	80 91 f6 01 	lds	r24, 0x01F6
 522:	80 93 4e 01 	sts	0x014E, r24
 526:	80 91 f7 01 	lds	r24, 0x01F7
 52a:	80 93 4f 01 	sts	0x014F, r24
 52e:	80 91 f8 01 	lds	r24, 0x01F8
 532:	80 93 50 01 	sts	0x0150, r24
 536:	c0 ef       	ldi	r28, 0xF0	; 240
 538:	d0 e0       	ldi	r29, 0x00	; 0
 53a:	fe 01       	movw	r30, r28
 53c:	eb 51       	subi	r30, 0x1B	; 27
 53e:	fe 4f       	sbci	r31, 0xFE	; 254
 540:	e0 81       	ld	r30, Z
 542:	e6 30       	cpi	r30, 0x06	; 6
 544:	09 f4       	brne	.+2      	; 0x548 <FCM_DHCP_Parse+0x68>
 546:	59 c0       	rjmp	.+178    	; 0x5fa <FCM_DHCP_Parse+0x11a>
 548:	e7 30       	cpi	r30, 0x07	; 7
 54a:	40 f4       	brcc	.+16     	; 0x55c <FCM_DHCP_Parse+0x7c>
 54c:	e1 30       	cpi	r30, 0x01	; 1
 54e:	e9 f0       	breq	.+58     	; 0x58a <FCM_DHCP_Parse+0xaa>
 550:	e1 30       	cpi	r30, 0x01	; 1
 552:	98 f0       	brcs	.+38     	; 0x57a <FCM_DHCP_Parse+0x9a>
 554:	e3 30       	cpi	r30, 0x03	; 3
 556:	09 f0       	breq	.+2      	; 0x55a <FCM_DHCP_Parse+0x7a>
 558:	16 c1       	rjmp	.+556    	; 0x786 <FCM_DHCP_Parse+0x2a6>
 55a:	30 c0       	rjmp	.+96     	; 0x5bc <FCM_DHCP_Parse+0xdc>
 55c:	e5 33       	cpi	r30, 0x35	; 53
 55e:	79 f0       	breq	.+30     	; 0x57e <FCM_DHCP_Parse+0x9e>
 560:	e6 33       	cpi	r30, 0x36	; 54
 562:	20 f4       	brcc	.+8      	; 0x56c <FCM_DHCP_Parse+0x8c>
 564:	e3 33       	cpi	r30, 0x33	; 51
 566:	09 f0       	breq	.+2      	; 0x56a <FCM_DHCP_Parse+0x8a>
 568:	0e c1       	rjmp	.+540    	; 0x786 <FCM_DHCP_Parse+0x2a6>
 56a:	69 c0       	rjmp	.+210    	; 0x63e <FCM_DHCP_Parse+0x15e>
 56c:	e6 33       	cpi	r30, 0x36	; 54
 56e:	09 f4       	brne	.+2      	; 0x572 <FCM_DHCP_Parse+0x92>
 570:	f0 c0       	rjmp	.+480    	; 0x752 <FCM_DHCP_Parse+0x272>
 572:	ef 3f       	cpi	r30, 0xFF	; 255
 574:	09 f0       	breq	.+2      	; 0x578 <FCM_DHCP_Parse+0x98>
 576:	07 c1       	rjmp	.+526    	; 0x786 <FCM_DHCP_Parse+0x2a6>
 578:	14 c1       	rjmp	.+552    	; 0x7a2 <FCM_DHCP_Parse+0x2c2>
 57a:	21 96       	adiw	r28, 0x01	; 1
 57c:	0e c1       	rjmp	.+540    	; 0x79a <FCM_DHCP_Parse+0x2ba>
 57e:	fe 01       	movw	r30, r28
 580:	e9 51       	subi	r30, 0x19	; 25
 582:	fe 4f       	sbci	r31, 0xFE	; 254
 584:	00 81       	ld	r16, Z
 586:	23 96       	adiw	r28, 0x03	; 3
 588:	08 c1       	rjmp	.+528    	; 0x79a <FCM_DHCP_Parse+0x2ba>
 58a:	fe 01       	movw	r30, r28
 58c:	e9 51       	subi	r30, 0x19	; 25
 58e:	fe 4f       	sbci	r31, 0xFE	; 254
 590:	80 81       	ld	r24, Z
 592:	80 93 23 01 	sts	0x0123, r24
 596:	fe 01       	movw	r30, r28
 598:	e8 51       	subi	r30, 0x18	; 24
 59a:	fe 4f       	sbci	r31, 0xFE	; 254
 59c:	80 81       	ld	r24, Z
 59e:	80 93 24 01 	sts	0x0124, r24
 5a2:	fe 01       	movw	r30, r28
 5a4:	e7 51       	subi	r30, 0x17	; 23
 5a6:	fe 4f       	sbci	r31, 0xFE	; 254
 5a8:	80 81       	ld	r24, Z
 5aa:	80 93 25 01 	sts	0x0125, r24
 5ae:	fe 01       	movw	r30, r28
 5b0:	e6 51       	subi	r30, 0x16	; 22
 5b2:	fe 4f       	sbci	r31, 0xFE	; 254
 5b4:	80 81       	ld	r24, Z
 5b6:	80 93 26 01 	sts	0x0126, r24
 5ba:	e3 c0       	rjmp	.+454    	; 0x782 <FCM_DHCP_Parse+0x2a2>
 5bc:	fe 01       	movw	r30, r28
 5be:	ea 51       	subi	r30, 0x1A	; 26
 5c0:	fe 4f       	sbci	r31, 0xFE	; 254
 5c2:	90 81       	ld	r25, Z
 5c4:	9e 01       	movw	r18, r28
 5c6:	2e 5f       	subi	r18, 0xFE	; 254
 5c8:	3f 4f       	sbci	r19, 0xFF	; 255
 5ca:	f9 01       	movw	r30, r18
 5cc:	eb 51       	subi	r30, 0x1B	; 27
 5ce:	fe 4f       	sbci	r31, 0xFE	; 254
 5d0:	80 81       	ld	r24, Z
 5d2:	80 93 5d 01 	sts	0x015D, r24
 5d6:	fe 01       	movw	r30, r28
 5d8:	e8 51       	subi	r30, 0x18	; 24
 5da:	fe 4f       	sbci	r31, 0xFE	; 254
 5dc:	80 81       	ld	r24, Z
 5de:	80 93 5e 01 	sts	0x015E, r24
 5e2:	fe 01       	movw	r30, r28
 5e4:	e7 51       	subi	r30, 0x17	; 23
 5e6:	fe 4f       	sbci	r31, 0xFE	; 254
 5e8:	80 81       	ld	r24, Z
 5ea:	80 93 5f 01 	sts	0x015F, r24
 5ee:	c6 51       	subi	r28, 0x16	; 22
 5f0:	de 4f       	sbci	r29, 0xFE	; 254
 5f2:	88 81       	ld	r24, Y
 5f4:	80 93 60 01 	sts	0x0160, r24
 5f8:	1e c0       	rjmp	.+60     	; 0x636 <FCM_DHCP_Parse+0x156>
 5fa:	fe 01       	movw	r30, r28
 5fc:	ea 51       	subi	r30, 0x1A	; 26
 5fe:	fe 4f       	sbci	r31, 0xFE	; 254
 600:	90 81       	ld	r25, Z
 602:	9e 01       	movw	r18, r28
 604:	2e 5f       	subi	r18, 0xFE	; 254
 606:	3f 4f       	sbci	r19, 0xFF	; 255
 608:	f9 01       	movw	r30, r18
 60a:	eb 51       	subi	r30, 0x1B	; 27
 60c:	fe 4f       	sbci	r31, 0xFE	; 254
 60e:	80 81       	ld	r24, Z
 610:	80 93 1c 01 	sts	0x011C, r24
 614:	fe 01       	movw	r30, r28
 616:	e8 51       	subi	r30, 0x18	; 24
 618:	fe 4f       	sbci	r31, 0xFE	; 254
 61a:	80 81       	ld	r24, Z
 61c:	80 93 1d 01 	sts	0x011D, r24
 620:	fe 01       	movw	r30, r28
 622:	e7 51       	subi	r30, 0x17	; 23
 624:	fe 4f       	sbci	r31, 0xFE	; 254
 626:	80 81       	ld	r24, Z
 628:	80 93 1e 01 	sts	0x011E, r24
 62c:	c6 51       	subi	r28, 0x16	; 22
 62e:	de 4f       	sbci	r29, 0xFE	; 254
 630:	88 81       	ld	r24, Y
 632:	80 93 1f 01 	sts	0x011F, r24
 636:	e9 01       	movw	r28, r18
 638:	c9 0f       	add	r28, r25
 63a:	d1 1d       	adc	r29, r1
 63c:	ae c0       	rjmp	.+348    	; 0x79a <FCM_DHCP_Parse+0x2ba>
 63e:	fe 01       	movw	r30, r28
 640:	ea 51       	subi	r30, 0x1A	; 26
 642:	fe 4f       	sbci	r31, 0xFE	; 254
 644:	10 81       	ld	r17, Z
 646:	be 01       	movw	r22, r28
 648:	6e 5f       	subi	r22, 0xFE	; 254
 64a:	7f 4f       	sbci	r23, 0xFF	; 255
 64c:	fb 01       	movw	r30, r22
 64e:	eb 51       	subi	r30, 0x1B	; 27
 650:	fe 4f       	sbci	r31, 0xFE	; 254
 652:	80 81       	ld	r24, Z
 654:	90 e0       	ldi	r25, 0x00	; 0
 656:	a0 e0       	ldi	r26, 0x00	; 0
 658:	b0 e0       	ldi	r27, 0x00	; 0
 65a:	80 93 00 01 	sts	0x0100, r24
 65e:	90 93 01 01 	sts	0x0101, r25
 662:	a0 93 02 01 	sts	0x0102, r26
 666:	b0 93 03 01 	sts	0x0103, r27
 66a:	20 91 00 01 	lds	r18, 0x0100
 66e:	30 91 01 01 	lds	r19, 0x0101
 672:	40 91 02 01 	lds	r20, 0x0102
 676:	50 91 03 01 	lds	r21, 0x0103
 67a:	fe 01       	movw	r30, r28
 67c:	e8 51       	subi	r30, 0x18	; 24
 67e:	fe 4f       	sbci	r31, 0xFE	; 254
 680:	80 81       	ld	r24, Z
 682:	90 e0       	ldi	r25, 0x00	; 0
 684:	a0 e0       	ldi	r26, 0x00	; 0
 686:	b0 e0       	ldi	r27, 0x00	; 0
 688:	54 2f       	mov	r21, r20
 68a:	43 2f       	mov	r20, r19
 68c:	32 2f       	mov	r19, r18
 68e:	22 27       	eor	r18, r18
 690:	82 2b       	or	r24, r18
 692:	93 2b       	or	r25, r19
 694:	a4 2b       	or	r26, r20
 696:	b5 2b       	or	r27, r21
 698:	80 93 00 01 	sts	0x0100, r24
 69c:	90 93 01 01 	sts	0x0101, r25
 6a0:	a0 93 02 01 	sts	0x0102, r26
 6a4:	b0 93 03 01 	sts	0x0103, r27
 6a8:	20 91 00 01 	lds	r18, 0x0100
 6ac:	30 91 01 01 	lds	r19, 0x0101
 6b0:	40 91 02 01 	lds	r20, 0x0102
 6b4:	50 91 03 01 	lds	r21, 0x0103
 6b8:	fe 01       	movw	r30, r28
 6ba:	e7 51       	subi	r30, 0x17	; 23
 6bc:	fe 4f       	sbci	r31, 0xFE	; 254
 6be:	80 81       	ld	r24, Z
 6c0:	90 e0       	ldi	r25, 0x00	; 0
 6c2:	a0 e0       	ldi	r26, 0x00	; 0
 6c4:	b0 e0       	ldi	r27, 0x00	; 0
 6c6:	54 2f       	mov	r21, r20
 6c8:	43 2f       	mov	r20, r19
 6ca:	32 2f       	mov	r19, r18
 6cc:	22 27       	eor	r18, r18
 6ce:	82 2b       	or	r24, r18
 6d0:	93 2b       	or	r25, r19
 6d2:	a4 2b       	or	r26, r20
 6d4:	b5 2b       	or	r27, r21
 6d6:	80 93 00 01 	sts	0x0100, r24
 6da:	90 93 01 01 	sts	0x0101, r25
 6de:	a0 93 02 01 	sts	0x0102, r26
 6e2:	b0 93 03 01 	sts	0x0103, r27
 6e6:	20 91 00 01 	lds	r18, 0x0100
 6ea:	30 91 01 01 	lds	r19, 0x0101
 6ee:	40 91 02 01 	lds	r20, 0x0102
 6f2:	50 91 03 01 	lds	r21, 0x0103
 6f6:	c6 51       	subi	r28, 0x16	; 22
 6f8:	de 4f       	sbci	r29, 0xFE	; 254
 6fa:	88 81       	ld	r24, Y
 6fc:	90 e0       	ldi	r25, 0x00	; 0
 6fe:	a0 e0       	ldi	r26, 0x00	; 0
 700:	b0 e0       	ldi	r27, 0x00	; 0
 702:	54 2f       	mov	r21, r20
 704:	43 2f       	mov	r20, r19
 706:	32 2f       	mov	r19, r18
 708:	22 27       	eor	r18, r18
 70a:	82 2b       	or	r24, r18
 70c:	93 2b       	or	r25, r19
 70e:	a4 2b       	or	r26, r20
 710:	b5 2b       	or	r27, r21
 712:	80 93 00 01 	sts	0x0100, r24
 716:	90 93 01 01 	sts	0x0101, r25
 71a:	a0 93 02 01 	sts	0x0102, r26
 71e:	b0 93 03 01 	sts	0x0103, r27
 722:	80 91 00 01 	lds	r24, 0x0100
 726:	90 91 01 01 	lds	r25, 0x0101
 72a:	a0 91 02 01 	lds	r26, 0x0102
 72e:	b0 91 03 01 	lds	r27, 0x0103
 732:	b6 95       	lsr	r27
 734:	a7 95       	ror	r26
 736:	97 95       	ror	r25
 738:	87 95       	ror	r24
 73a:	80 93 06 01 	sts	0x0106, r24
 73e:	90 93 07 01 	sts	0x0107, r25
 742:	a0 93 08 01 	sts	0x0108, r26
 746:	b0 93 09 01 	sts	0x0109, r27
 74a:	eb 01       	movw	r28, r22
 74c:	c1 0f       	add	r28, r17
 74e:	d1 1d       	adc	r29, r1
 750:	24 c0       	rjmp	.+72     	; 0x79a <FCM_DHCP_Parse+0x2ba>
 752:	fe 01       	movw	r30, r28
 754:	e9 51       	subi	r30, 0x19	; 25
 756:	fe 4f       	sbci	r31, 0xFE	; 254
 758:	80 81       	ld	r24, Z
 75a:	80 93 15 04 	sts	0x0415, r24
 75e:	fe 01       	movw	r30, r28
 760:	e8 51       	subi	r30, 0x18	; 24
 762:	fe 4f       	sbci	r31, 0xFE	; 254
 764:	80 81       	ld	r24, Z
 766:	80 93 16 04 	sts	0x0416, r24
 76a:	fe 01       	movw	r30, r28
 76c:	e7 51       	subi	r30, 0x17	; 23
 76e:	fe 4f       	sbci	r31, 0xFE	; 254
 770:	80 81       	ld	r24, Z
 772:	80 93 17 04 	sts	0x0417, r24
 776:	fe 01       	movw	r30, r28
 778:	e6 51       	subi	r30, 0x16	; 22
 77a:	fe 4f       	sbci	r31, 0xFE	; 254
 77c:	80 81       	ld	r24, Z
 77e:	80 93 18 04 	sts	0x0418, r24
 782:	26 96       	adiw	r28, 0x06	; 6
 784:	0a c0       	rjmp	.+20     	; 0x79a <FCM_DHCP_Parse+0x2ba>
 786:	ce 01       	movw	r24, r28
 788:	01 96       	adiw	r24, 0x01	; 1
 78a:	fc 01       	movw	r30, r24
 78c:	eb 51       	subi	r30, 0x1B	; 27
 78e:	fe 4f       	sbci	r31, 0xFE	; 254
 790:	20 81       	ld	r18, Z
 792:	ec 01       	movw	r28, r24
 794:	21 96       	adiw	r28, 0x01	; 1
 796:	c2 0f       	add	r28, r18
 798:	d1 1d       	adc	r29, r1
 79a:	ce 15       	cp	r28, r14
 79c:	df 05       	cpc	r29, r15
 79e:	08 f4       	brcc	.+2      	; 0x7a2 <FCM_DHCP_Parse+0x2c2>
 7a0:	cc ce       	rjmp	.-616    	; 0x53a <FCM_DHCP_Parse+0x5a>
 7a2:	80 2f       	mov	r24, r16
 7a4:	df 91       	pop	r29
 7a6:	cf 91       	pop	r28
 7a8:	1f 91       	pop	r17
 7aa:	0f 91       	pop	r16
 7ac:	ff 90       	pop	r15
 7ae:	ef 90       	pop	r14
 7b0:	08 95       	ret

000007b2 <FCM_MAC_WriteWord>:
 7b2:	22 9a       	sbi	0x04, 2	; 4
 7b4:	2a 98       	cbi	0x05, 2	; 5
 7b6:	2d b5       	in	r18, 0x2d	; 45
 7b8:	9e bd       	out	0x2e, r25	; 46
 7ba:	0d b4       	in	r0, 0x2d	; 45
 7bc:	07 fe       	sbrs	r0, 7
 7be:	fd cf       	rjmp	.-6      	; 0x7ba <FCM_MAC_WriteWord+0x8>
 7c0:	9e b5       	in	r25, 0x2e	; 46
 7c2:	9d b5       	in	r25, 0x2d	; 45
 7c4:	8e bd       	out	0x2e, r24	; 46
 7c6:	0d b4       	in	r0, 0x2d	; 45
 7c8:	07 fe       	sbrs	r0, 7
 7ca:	fd cf       	rjmp	.-6      	; 0x7c6 <FCM_MAC_WriteWord+0x14>
 7cc:	8e b5       	in	r24, 0x2e	; 46
 7ce:	80 91 0b 01 	lds	r24, 0x010B
 7d2:	8c 5f       	subi	r24, 0xFC	; 252
 7d4:	9d b5       	in	r25, 0x2d	; 45
 7d6:	8e bd       	out	0x2e, r24	; 46
 7d8:	0d b4       	in	r0, 0x2d	; 45
 7da:	07 fe       	sbrs	r0, 7
 7dc:	fd cf       	rjmp	.-6      	; 0x7d8 <FCM_MAC_WriteWord+0x26>
 7de:	8e b5       	in	r24, 0x2e	; 46
 7e0:	8d b5       	in	r24, 0x2d	; 45
 7e2:	7e bd       	out	0x2e, r23	; 46
 7e4:	0d b4       	in	r0, 0x2d	; 45
 7e6:	07 fe       	sbrs	r0, 7
 7e8:	fd cf       	rjmp	.-6      	; 0x7e4 <FCM_MAC_WriteWord+0x32>
 7ea:	8e b5       	in	r24, 0x2e	; 46
 7ec:	8d b5       	in	r24, 0x2d	; 45
 7ee:	6e bd       	out	0x2e, r22	; 46
 7f0:	0d b4       	in	r0, 0x2d	; 45
 7f2:	07 fe       	sbrs	r0, 7
 7f4:	fd cf       	rjmp	.-6      	; 0x7f0 <FCM_MAC_WriteWord+0x3e>
 7f6:	8e b5       	in	r24, 0x2e	; 46
 7f8:	22 9a       	sbi	0x04, 2	; 4
 7fa:	2a 9a       	sbi	0x05, 2	; 5
 7fc:	08 95       	ret

000007fe <FCM_TxEnd>:
 7fe:	1f 93       	push	r17
 800:	cf 93       	push	r28
 802:	df 93       	push	r29
 804:	18 2f       	mov	r17, r24
 806:	82 95       	swap	r24
 808:	88 0f       	add	r24, r24
 80a:	80 7e       	andi	r24, 0xE0	; 224
 80c:	88 5f       	subi	r24, 0xF8	; 248
 80e:	80 93 0b 01 	sts	0x010B, r24
 812:	84 e2       	ldi	r24, 0x24	; 36
 814:	90 e0       	ldi	r25, 0x00	; 0
 816:	0e 94 5c 00 	call	0xb8	; 0xb8 <FCM_MAC_ReadWord>
 81a:	c1 2f       	mov	r28, r17
 81c:	d0 e0       	ldi	r29, 0x00	; 0
 81e:	fe 01       	movw	r30, r28
 820:	ee 0f       	add	r30, r30
 822:	ff 1f       	adc	r31, r31
 824:	e3 5f       	subi	r30, 0xF3	; 243
 826:	fb 4f       	sbci	r31, 0xFB	; 251
 828:	60 81       	ld	r22, Z
 82a:	71 81       	ldd	r23, Z+1	; 0x01
 82c:	68 0f       	add	r22, r24
 82e:	79 1f       	adc	r23, r25
 830:	84 e2       	ldi	r24, 0x24	; 36
 832:	90 e0       	ldi	r25, 0x00	; 0
 834:	0e 94 d9 03 	call	0x7b2	; 0x7b2 <FCM_MAC_WriteWord>
 838:	81 e0       	ldi	r24, 0x01	; 1
 83a:	90 e0       	ldi	r25, 0x00	; 0
 83c:	60 e2       	ldi	r22, 0x20	; 32
 83e:	0e 94 20 01 	call	0x240	; 0x240 <FCM_MAC_WriteByte>
 842:	81 e0       	ldi	r24, 0x01	; 1
 844:	90 e0       	ldi	r25, 0x00	; 0
 846:	0e 94 40 01 	call	0x280	; 0x280 <FCM_MAC_ReadByte>
 84a:	88 23       	and	r24, r24
 84c:	d1 f7       	brne	.-12     	; 0x842 <FCM_TxEnd+0x44>
 84e:	cc 0f       	add	r28, r28
 850:	dd 1f       	adc	r29, r29
 852:	c3 5f       	subi	r28, 0xF3	; 243
 854:	db 4f       	sbci	r29, 0xFB	; 251
 856:	19 82       	std	Y+1, r1	; 0x01
 858:	18 82       	st	Y, r1
 85a:	df 91       	pop	r29
 85c:	cf 91       	pop	r28
 85e:	1f 91       	pop	r17
 860:	08 95       	ret

00000862 <FCM_CreateUDPSocket>:
 862:	df 92       	push	r13
 864:	ef 92       	push	r14
 866:	ff 92       	push	r15
 868:	0f 93       	push	r16
 86a:	1f 93       	push	r17
 86c:	cf 93       	push	r28
 86e:	df 93       	push	r29
 870:	d8 2e       	mov	r13, r24
 872:	8b 01       	movw	r16, r22
 874:	82 95       	swap	r24
 876:	88 0f       	add	r24, r24
 878:	80 7e       	andi	r24, 0xE0	; 224
 87a:	88 5f       	subi	r24, 0xF8	; 248
 87c:	80 93 0b 01 	sts	0x010B, r24
 880:	83 e0       	ldi	r24, 0x03	; 3
 882:	90 e0       	ldi	r25, 0x00	; 0
 884:	0e 94 40 01 	call	0x280	; 0x280 <FCM_MAC_ReadByte>
 888:	88 23       	and	r24, r24
 88a:	59 f0       	breq	.+22     	; 0x8a2 <FCM_CreateUDPSocket+0x40>
 88c:	81 e0       	ldi	r24, 0x01	; 1
 88e:	90 e0       	ldi	r25, 0x00	; 0
 890:	60 e1       	ldi	r22, 0x10	; 16
 892:	0e 94 20 01 	call	0x240	; 0x240 <FCM_MAC_WriteByte>
 896:	83 e0       	ldi	r24, 0x03	; 3
 898:	90 e0       	ldi	r25, 0x00	; 0
 89a:	0e 94 40 01 	call	0x280	; 0x280 <FCM_MAC_ReadByte>
 89e:	88 23       	and	r24, r24
 8a0:	d1 f7       	brne	.-12     	; 0x896 <FCM_CreateUDPSocket+0x34>
 8a2:	c4 ef       	ldi	r28, 0xF4	; 244
 8a4:	d1 e0       	ldi	r29, 0x01	; 1
 8a6:	40 ea       	ldi	r20, 0xA0	; 160
 8a8:	e4 2e       	mov	r14, r20
 8aa:	4f e0       	ldi	r20, 0x0F	; 15
 8ac:	f4 2e       	mov	r15, r20
 8ae:	80 e0       	ldi	r24, 0x00	; 0
 8b0:	90 e0       	ldi	r25, 0x00	; 0
 8b2:	62 e0       	ldi	r22, 0x02	; 2
 8b4:	0e 94 20 01 	call	0x240	; 0x240 <FCM_MAC_WriteByte>
 8b8:	84 e0       	ldi	r24, 0x04	; 4
 8ba:	90 e0       	ldi	r25, 0x00	; 0
 8bc:	b8 01       	movw	r22, r16
 8be:	0e 94 d9 03 	call	0x7b2	; 0x7b2 <FCM_MAC_WriteWord>
 8c2:	81 e0       	ldi	r24, 0x01	; 1
 8c4:	90 e0       	ldi	r25, 0x00	; 0
 8c6:	61 e0       	ldi	r22, 0x01	; 1
 8c8:	0e 94 20 01 	call	0x240	; 0x240 <FCM_MAC_WriteByte>
 8cc:	81 e0       	ldi	r24, 0x01	; 1
 8ce:	90 e0       	ldi	r25, 0x00	; 0
 8d0:	0e 94 40 01 	call	0x280	; 0x280 <FCM_MAC_ReadByte>
 8d4:	88 23       	and	r24, r24
 8d6:	d1 f7       	brne	.-12     	; 0x8cc <FCM_CreateUDPSocket+0x6a>
 8d8:	c7 01       	movw	r24, r14
 8da:	01 97       	sbiw	r24, 0x01	; 1
 8dc:	f1 f7       	brne	.-4      	; 0x8da <FCM_CreateUDPSocket+0x78>
 8de:	83 e0       	ldi	r24, 0x03	; 3
 8e0:	90 e0       	ldi	r25, 0x00	; 0
 8e2:	0e 94 40 01 	call	0x280	; 0x280 <FCM_MAC_ReadByte>
 8e6:	21 97       	sbiw	r28, 0x01	; 1
 8e8:	82 32       	cpi	r24, 0x22	; 34
 8ea:	19 f0       	breq	.+6      	; 0x8f2 <FCM_CreateUDPSocket+0x90>
 8ec:	20 97       	sbiw	r28, 0x00	; 0
 8ee:	69 f0       	breq	.+26     	; 0x90a <__stack+0xb>
 8f0:	de cf       	rjmp	.-68     	; 0x8ae <FCM_CreateUDPSocket+0x4c>
 8f2:	cd 2b       	or	r28, r29
 8f4:	51 f0       	breq	.+20     	; 0x90a <__stack+0xb>
 8f6:	ed 2d       	mov	r30, r13
 8f8:	f0 e0       	ldi	r31, 0x00	; 0
 8fa:	ee 0f       	add	r30, r30
 8fc:	ff 1f       	adc	r31, r31
 8fe:	e4 5f       	subi	r30, 0xF4	; 244
 900:	fe 4f       	sbci	r31, 0xFE	; 254
 902:	11 82       	std	Z+1, r1	; 0x01
 904:	10 82       	st	Z, r1
 906:	81 e0       	ldi	r24, 0x01	; 1
 908:	01 c0       	rjmp	.+2      	; 0x90c <__stack+0xd>
 90a:	80 e0       	ldi	r24, 0x00	; 0
 90c:	df 91       	pop	r29
 90e:	cf 91       	pop	r28
 910:	1f 91       	pop	r17
 912:	0f 91       	pop	r16
 914:	ff 90       	pop	r15
 916:	ef 90       	pop	r14
 918:	df 90       	pop	r13
 91a:	08 95       	ret

0000091c <FCM_SetDestination>:
 91c:	df 92       	push	r13
 91e:	ef 92       	push	r14
 920:	ff 92       	push	r15
 922:	0f 93       	push	r16
 924:	1f 93       	push	r17
 926:	14 2f       	mov	r17, r20
 928:	d2 2e       	mov	r13, r18
 92a:	84 30       	cpi	r24, 0x04	; 4
 92c:	10 f0       	brcs	.+4      	; 0x932 <FCM_SetDestination+0x16>
 92e:	80 e0       	ldi	r24, 0x00	; 0
 930:	1f c0       	rjmp	.+62     	; 0x970 <FCM_SetDestination+0x54>
 932:	82 95       	swap	r24
 934:	88 0f       	add	r24, r24
 936:	80 7e       	andi	r24, 0xE0	; 224
 938:	88 5f       	subi	r24, 0xF8	; 248
 93a:	80 93 0b 01 	sts	0x010B, r24
 93e:	8c e0       	ldi	r24, 0x0C	; 12
 940:	90 e0       	ldi	r25, 0x00	; 0
 942:	0e 94 20 01 	call	0x240	; 0x240 <FCM_MAC_WriteByte>
 946:	8d e0       	ldi	r24, 0x0D	; 13
 948:	90 e0       	ldi	r25, 0x00	; 0
 94a:	61 2f       	mov	r22, r17
 94c:	0e 94 20 01 	call	0x240	; 0x240 <FCM_MAC_WriteByte>
 950:	8e e0       	ldi	r24, 0x0E	; 14
 952:	90 e0       	ldi	r25, 0x00	; 0
 954:	6d 2d       	mov	r22, r13
 956:	0e 94 20 01 	call	0x240	; 0x240 <FCM_MAC_WriteByte>
 95a:	8f e0       	ldi	r24, 0x0F	; 15
 95c:	90 e0       	ldi	r25, 0x00	; 0
 95e:	60 2f       	mov	r22, r16
 960:	0e 94 20 01 	call	0x240	; 0x240 <FCM_MAC_WriteByte>
 964:	80 e1       	ldi	r24, 0x10	; 16
 966:	90 e0       	ldi	r25, 0x00	; 0
 968:	b7 01       	movw	r22, r14
 96a:	0e 94 d9 03 	call	0x7b2	; 0x7b2 <FCM_MAC_WriteWord>
 96e:	81 e0       	ldi	r24, 0x01	; 1
 970:	1f 91       	pop	r17
 972:	0f 91       	pop	r16
 974:	ff 90       	pop	r15
 976:	ef 90       	pop	r14
 978:	df 90       	pop	r13
 97a:	08 95       	ret

0000097c <FCM_TxSendArray>:
 97c:	ef 92       	push	r14
 97e:	ff 92       	push	r15
 980:	0f 93       	push	r16
 982:	1f 93       	push	r17
 984:	cf 93       	push	r28
 986:	df 93       	push	r29
 988:	08 2f       	mov	r16, r24
 98a:	79 01       	movw	r14, r18
 98c:	82 95       	swap	r24
 98e:	88 0f       	add	r24, r24
 990:	80 7e       	andi	r24, 0xE0	; 224
 992:	80 5f       	subi	r24, 0xF0	; 240
 994:	80 93 0b 01 	sts	0x010B, r24
 998:	c0 2f       	mov	r28, r16
 99a:	d0 e0       	ldi	r29, 0x00	; 0
 99c:	cc 0f       	add	r28, r28
 99e:	dd 1f       	adc	r29, r29
 9a0:	8e 01       	movw	r16, r28
 9a2:	0b 5a       	subi	r16, 0xAB	; 171
 9a4:	1e 4f       	sbci	r17, 0xFE	; 254
 9a6:	f8 01       	movw	r30, r16
 9a8:	80 81       	ld	r24, Z
 9aa:	91 81       	ldd	r25, Z+1	; 0x01
 9ac:	48 ee       	ldi	r20, 0xE8	; 232
 9ae:	53 e0       	ldi	r21, 0x03	; 3
 9b0:	0e 94 89 00 	call	0x112	; 0x112 <FCM_MAC_WriteArray>
 9b4:	f8 01       	movw	r30, r16
 9b6:	80 81       	ld	r24, Z
 9b8:	91 81       	ldd	r25, Z+1	; 0x01
 9ba:	8e 0d       	add	r24, r14
 9bc:	9f 1d       	adc	r25, r15
 9be:	91 83       	std	Z+1, r25	; 0x01
 9c0:	80 83       	st	Z, r24
 9c2:	fe 01       	movw	r30, r28
 9c4:	e3 5f       	subi	r30, 0xF3	; 243
 9c6:	fb 4f       	sbci	r31, 0xFB	; 251
 9c8:	80 81       	ld	r24, Z
 9ca:	91 81       	ldd	r25, Z+1	; 0x01
 9cc:	8e 0d       	add	r24, r14
 9ce:	9f 1d       	adc	r25, r15
 9d0:	91 83       	std	Z+1, r25	; 0x01
 9d2:	80 83       	st	Z, r24
 9d4:	df 91       	pop	r29
 9d6:	cf 91       	pop	r28
 9d8:	1f 91       	pop	r17
 9da:	0f 91       	pop	r16
 9dc:	ff 90       	pop	r15
 9de:	ef 90       	pop	r14
 9e0:	08 95       	ret

000009e2 <FCM_DHCP_MakeMessage>:
 9e2:	81 e0       	ldi	r24, 0x01	; 1
 9e4:	80 93 e5 01 	sts	0x01E5, r24
 9e8:	80 93 e6 01 	sts	0x01E6, r24
 9ec:	86 e0       	ldi	r24, 0x06	; 6
 9ee:	80 93 e7 01 	sts	0x01E7, r24
 9f2:	10 92 e8 01 	sts	0x01E8, r1
 9f6:	82 e1       	ldi	r24, 0x12	; 18
 9f8:	80 93 e9 01 	sts	0x01E9, r24
 9fc:	84 e3       	ldi	r24, 0x34	; 52
 9fe:	80 93 ea 01 	sts	0x01EA, r24
 a02:	86 e5       	ldi	r24, 0x56	; 86
 a04:	80 93 eb 01 	sts	0x01EB, r24
 a08:	88 e7       	ldi	r24, 0x78	; 120
 a0a:	80 93 ec 01 	sts	0x01EC, r24
 a0e:	10 92 ed 01 	sts	0x01ED, r1
 a12:	10 92 ee 01 	sts	0x01EE, r1
 a16:	80 e8       	ldi	r24, 0x80	; 128
 a18:	80 93 ef 01 	sts	0x01EF, r24
 a1c:	10 92 f0 01 	sts	0x01F0, r1
 a20:	10 92 f1 01 	sts	0x01F1, r1
 a24:	10 92 f2 01 	sts	0x01F2, r1
 a28:	10 92 f3 01 	sts	0x01F3, r1
 a2c:	10 92 f4 01 	sts	0x01F4, r1
 a30:	10 92 f5 01 	sts	0x01F5, r1
 a34:	10 92 f6 01 	sts	0x01F6, r1
 a38:	10 92 f7 01 	sts	0x01F7, r1
 a3c:	10 92 f8 01 	sts	0x01F8, r1
 a40:	10 92 f9 01 	sts	0x01F9, r1
 a44:	10 92 fa 01 	sts	0x01FA, r1
 a48:	10 92 fb 01 	sts	0x01FB, r1
 a4c:	10 92 fc 01 	sts	0x01FC, r1
 a50:	10 92 fd 01 	sts	0x01FD, r1
 a54:	10 92 fe 01 	sts	0x01FE, r1
 a58:	10 92 ff 01 	sts	0x01FF, r1
 a5c:	10 92 00 02 	sts	0x0200, r1
 a60:	80 91 47 01 	lds	r24, 0x0147
 a64:	80 93 01 02 	sts	0x0201, r24
 a68:	80 91 48 01 	lds	r24, 0x0148
 a6c:	80 93 02 02 	sts	0x0202, r24
 a70:	80 91 49 01 	lds	r24, 0x0149
 a74:	80 93 03 02 	sts	0x0203, r24
 a78:	80 91 4a 01 	lds	r24, 0x014A
 a7c:	80 93 04 02 	sts	0x0204, r24
 a80:	80 91 4b 01 	lds	r24, 0x014B
 a84:	80 93 05 02 	sts	0x0205, r24
 a88:	80 91 4c 01 	lds	r24, 0x014C
 a8c:	80 93 06 02 	sts	0x0206, r24
 a90:	10 92 07 02 	sts	0x0207, r1
 a94:	10 92 08 02 	sts	0x0208, r1
 a98:	10 92 09 02 	sts	0x0209, r1
 a9c:	10 92 0a 02 	sts	0x020A, r1
 aa0:	10 92 0b 02 	sts	0x020B, r1
 aa4:	10 92 0c 02 	sts	0x020C, r1
 aa8:	10 92 0d 02 	sts	0x020D, r1
 aac:	10 92 0e 02 	sts	0x020E, r1
 ab0:	10 92 0f 02 	sts	0x020F, r1
 ab4:	10 92 10 02 	sts	0x0210, r1
 ab8:	8c e2       	ldi	r24, 0x2C	; 44
 aba:	90 e0       	ldi	r25, 0x00	; 0
 abc:	fc 01       	movw	r30, r24
 abe:	eb 51       	subi	r30, 0x1B	; 27
 ac0:	fe 4f       	sbci	r31, 0xFE	; 254
 ac2:	10 82       	st	Z, r1
 ac4:	01 96       	adiw	r24, 0x01	; 1
 ac6:	8c 36       	cpi	r24, 0x6C	; 108
 ac8:	91 05       	cpc	r25, r1
 aca:	c1 f7       	brne	.-16     	; 0xabc <FCM_DHCP_MakeMessage+0xda>
 acc:	fc 01       	movw	r30, r24
 ace:	eb 51       	subi	r30, 0x1B	; 27
 ad0:	fe 4f       	sbci	r31, 0xFE	; 254
 ad2:	10 82       	st	Z, r1
 ad4:	01 96       	adiw	r24, 0x01	; 1
 ad6:	8c 3e       	cpi	r24, 0xEC	; 236
 ad8:	91 05       	cpc	r25, r1
 ada:	c1 f7       	brne	.-16     	; 0xacc <FCM_DHCP_MakeMessage+0xea>
 adc:	83 e6       	ldi	r24, 0x63	; 99
 ade:	80 93 d1 02 	sts	0x02D1, r24
 ae2:	92 e8       	ldi	r25, 0x82	; 130
 ae4:	90 93 d2 02 	sts	0x02D2, r25
 ae8:	93 e5       	ldi	r25, 0x53	; 83
 aea:	90 93 d3 02 	sts	0x02D3, r25
 aee:	80 93 d4 02 	sts	0x02D4, r24
 af2:	08 95       	ret

00000af4 <FCM_DHCP_Request>:
 af4:	ef 92       	push	r14
 af6:	ff 92       	push	r15
 af8:	0f 93       	push	r16
 afa:	0e 94 f1 04 	call	0x9e2	; 0x9e2 <FCM_DHCP_MakeMessage>
 afe:	80 91 0a 01 	lds	r24, 0x010A
 b02:	84 30       	cpi	r24, 0x04	; 4
 b04:	29 f0       	breq	.+10     	; 0xb10 <FCM_DHCP_Request+0x1c>
 b06:	0f ef       	ldi	r16, 0xFF	; 255
 b08:	2f ef       	ldi	r18, 0xFF	; 255
 b0a:	4f ef       	ldi	r20, 0xFF	; 255
 b0c:	6f ef       	ldi	r22, 0xFF	; 255
 b0e:	18 c0       	rjmp	.+48     	; 0xb40 <FCM_DHCP_Request+0x4c>
 b10:	60 91 15 04 	lds	r22, 0x0415
 b14:	40 91 16 04 	lds	r20, 0x0416
 b18:	20 91 17 04 	lds	r18, 0x0417
 b1c:	00 91 18 04 	lds	r16, 0x0418
 b20:	80 91 4d 01 	lds	r24, 0x014D
 b24:	80 93 f1 01 	sts	0x01F1, r24
 b28:	80 91 4e 01 	lds	r24, 0x014E
 b2c:	80 93 f2 01 	sts	0x01F2, r24
 b30:	80 91 4f 01 	lds	r24, 0x014F
 b34:	80 93 f3 01 	sts	0x01F3, r24
 b38:	80 91 50 01 	lds	r24, 0x0150
 b3c:	80 93 f4 01 	sts	0x01F4, r24
 b40:	85 e3       	ldi	r24, 0x35	; 53
 b42:	80 93 d5 02 	sts	0x02D5, r24
 b46:	91 e0       	ldi	r25, 0x01	; 1
 b48:	90 93 d6 02 	sts	0x02D6, r25
 b4c:	82 e0       	ldi	r24, 0x02	; 2
 b4e:	80 93 d7 02 	sts	0x02D7, r24
 b52:	8d e3       	ldi	r24, 0x3D	; 61
 b54:	80 93 d8 02 	sts	0x02D8, r24
 b58:	87 e0       	ldi	r24, 0x07	; 7
 b5a:	80 93 d9 02 	sts	0x02D9, r24
 b5e:	90 93 da 02 	sts	0x02DA, r25
 b62:	80 91 47 01 	lds	r24, 0x0147
 b66:	80 93 db 02 	sts	0x02DB, r24
 b6a:	80 91 48 01 	lds	r24, 0x0148
 b6e:	80 93 dc 02 	sts	0x02DC, r24
 b72:	80 91 49 01 	lds	r24, 0x0149
 b76:	80 93 dd 02 	sts	0x02DD, r24
 b7a:	80 91 4a 01 	lds	r24, 0x014A
 b7e:	80 93 de 02 	sts	0x02DE, r24
 b82:	80 91 4b 01 	lds	r24, 0x014B
 b86:	80 93 df 02 	sts	0x02DF, r24
 b8a:	80 91 4c 01 	lds	r24, 0x014C
 b8e:	80 93 e0 02 	sts	0x02E0, r24
 b92:	8c e0       	ldi	r24, 0x0C	; 12
 b94:	80 93 e1 02 	sts	0x02E1, r24
 b98:	89 e0       	ldi	r24, 0x09	; 9
 b9a:	80 93 e2 02 	sts	0x02E2, r24
 b9e:	87 e5       	ldi	r24, 0x57	; 87
 ba0:	80 93 e3 02 	sts	0x02E3, r24
 ba4:	89 e4       	ldi	r24, 0x49	; 73
 ba6:	80 93 e4 02 	sts	0x02E4, r24
 baa:	8a e5       	ldi	r24, 0x5A	; 90
 bac:	80 93 e5 02 	sts	0x02E5, r24
 bb0:	8e e6       	ldi	r24, 0x6E	; 110
 bb2:	80 93 e6 02 	sts	0x02E6, r24
 bb6:	85 e6       	ldi	r24, 0x65	; 101
 bb8:	80 93 e7 02 	sts	0x02E7, r24
 bbc:	84 e7       	ldi	r24, 0x74	; 116
 bbe:	80 93 e8 02 	sts	0x02E8, r24
 bc2:	80 91 4a 01 	lds	r24, 0x014A
 bc6:	80 93 e9 02 	sts	0x02E9, r24
 bca:	80 91 4b 01 	lds	r24, 0x014B
 bce:	80 93 ea 02 	sts	0x02EA, r24
 bd2:	80 91 4c 01 	lds	r24, 0x014C
 bd6:	80 93 eb 02 	sts	0x02EB, r24
 bda:	87 e3       	ldi	r24, 0x37	; 55
 bdc:	80 93 ec 02 	sts	0x02EC, r24
 be0:	88 e0       	ldi	r24, 0x08	; 8
 be2:	80 93 ed 02 	sts	0x02ED, r24
 be6:	90 93 ee 02 	sts	0x02EE, r25
 bea:	83 e0       	ldi	r24, 0x03	; 3
 bec:	80 93 ef 02 	sts	0x02EF, r24
 bf0:	86 e0       	ldi	r24, 0x06	; 6
 bf2:	80 93 f0 02 	sts	0x02F0, r24
 bf6:	8f e0       	ldi	r24, 0x0F	; 15
 bf8:	80 93 f1 02 	sts	0x02F1, r24
 bfc:	8a e3       	ldi	r24, 0x3A	; 58
 bfe:	80 93 f2 02 	sts	0x02F2, r24
 c02:	8b e3       	ldi	r24, 0x3B	; 59
 c04:	80 93 f3 02 	sts	0x02F3, r24
 c08:	8f e1       	ldi	r24, 0x1F	; 31
 c0a:	80 93 f4 02 	sts	0x02F4, r24
 c0e:	81 e2       	ldi	r24, 0x21	; 33
 c10:	80 93 f5 02 	sts	0x02F5, r24
 c14:	8f ef       	ldi	r24, 0xFF	; 255
 c16:	80 93 f6 02 	sts	0x02F6, r24
 c1a:	80 e0       	ldi	r24, 0x00	; 0
 c1c:	f3 e4       	ldi	r31, 0x43	; 67
 c1e:	ef 2e       	mov	r14, r31
 c20:	f1 2c       	mov	r15, r1
 c22:	0e 94 8e 04 	call	0x91c	; 0x91c <FCM_SetDestination>
 c26:	80 e0       	ldi	r24, 0x00	; 0
 c28:	0e 94 e1 00 	call	0x1c2	; 0x1c2 <FCM_TxStart>
 c2c:	80 e0       	ldi	r24, 0x00	; 0
 c2e:	65 ee       	ldi	r22, 0xE5	; 229
 c30:	71 e0       	ldi	r23, 0x01	; 1
 c32:	44 e2       	ldi	r20, 0x24	; 36
 c34:	52 e0       	ldi	r21, 0x02	; 2
 c36:	22 e1       	ldi	r18, 0x12	; 18
 c38:	31 e0       	ldi	r19, 0x01	; 1
 c3a:	0e 94 be 04 	call	0x97c	; 0x97c <FCM_TxSendArray>
 c3e:	80 e0       	ldi	r24, 0x00	; 0
 c40:	0e 94 ff 03 	call	0x7fe	; 0x7fe <FCM_TxEnd>
 c44:	0f 91       	pop	r16
 c46:	ff 90       	pop	r15
 c48:	ef 90       	pop	r14
 c4a:	08 95       	ret

00000c4c <FCM_DHCP_Discover>:
 c4c:	ef 92       	push	r14
 c4e:	ff 92       	push	r15
 c50:	0f 93       	push	r16
 c52:	0e 94 f1 04 	call	0x9e2	; 0x9e2 <FCM_DHCP_MakeMessage>
 c56:	85 e3       	ldi	r24, 0x35	; 53
 c58:	80 93 d5 02 	sts	0x02D5, r24
 c5c:	21 e0       	ldi	r18, 0x01	; 1
 c5e:	20 93 d6 02 	sts	0x02D6, r18
 c62:	20 93 d7 02 	sts	0x02D7, r18
 c66:	8d e3       	ldi	r24, 0x3D	; 61
 c68:	80 93 d8 02 	sts	0x02D8, r24
 c6c:	87 e0       	ldi	r24, 0x07	; 7
 c6e:	80 93 d9 02 	sts	0x02D9, r24
 c72:	20 93 da 02 	sts	0x02DA, r18
 c76:	80 91 47 01 	lds	r24, 0x0147
 c7a:	80 93 db 02 	sts	0x02DB, r24
 c7e:	80 91 48 01 	lds	r24, 0x0148
 c82:	80 93 dc 02 	sts	0x02DC, r24
 c86:	80 91 49 01 	lds	r24, 0x0149
 c8a:	80 93 dd 02 	sts	0x02DD, r24
 c8e:	80 91 4a 01 	lds	r24, 0x014A
 c92:	80 93 de 02 	sts	0x02DE, r24
 c96:	80 91 4b 01 	lds	r24, 0x014B
 c9a:	80 93 df 02 	sts	0x02DF, r24
 c9e:	80 91 4c 01 	lds	r24, 0x014C
 ca2:	80 93 e0 02 	sts	0x02E0, r24
 ca6:	8c e0       	ldi	r24, 0x0C	; 12
 ca8:	80 93 e1 02 	sts	0x02E1, r24
 cac:	89 e0       	ldi	r24, 0x09	; 9
 cae:	80 93 e2 02 	sts	0x02E2, r24
 cb2:	87 e5       	ldi	r24, 0x57	; 87
 cb4:	80 93 e3 02 	sts	0x02E3, r24
 cb8:	89 e4       	ldi	r24, 0x49	; 73
 cba:	80 93 e4 02 	sts	0x02E4, r24
 cbe:	8a e5       	ldi	r24, 0x5A	; 90
 cc0:	80 93 e5 02 	sts	0x02E5, r24
 cc4:	8e e6       	ldi	r24, 0x6E	; 110
 cc6:	80 93 e6 02 	sts	0x02E6, r24
 cca:	85 e6       	ldi	r24, 0x65	; 101
 ccc:	80 93 e7 02 	sts	0x02E7, r24
 cd0:	84 e7       	ldi	r24, 0x74	; 116
 cd2:	80 93 e8 02 	sts	0x02E8, r24
 cd6:	80 91 4a 01 	lds	r24, 0x014A
 cda:	80 93 e9 02 	sts	0x02E9, r24
 cde:	80 91 4b 01 	lds	r24, 0x014B
 ce2:	80 93 ea 02 	sts	0x02EA, r24
 ce6:	80 91 4c 01 	lds	r24, 0x014C
 cea:	80 93 eb 02 	sts	0x02EB, r24
 cee:	87 e3       	ldi	r24, 0x37	; 55
 cf0:	80 93 ec 02 	sts	0x02EC, r24
 cf4:	96 e0       	ldi	r25, 0x06	; 6
 cf6:	90 93 ed 02 	sts	0x02ED, r25
 cfa:	20 93 ee 02 	sts	0x02EE, r18
 cfe:	83 e0       	ldi	r24, 0x03	; 3
 d00:	80 93 ef 02 	sts	0x02EF, r24
 d04:	90 93 f0 02 	sts	0x02F0, r25
 d08:	8f e0       	ldi	r24, 0x0F	; 15
 d0a:	80 93 f1 02 	sts	0x02F1, r24
 d0e:	8a e3       	ldi	r24, 0x3A	; 58
 d10:	80 93 f2 02 	sts	0x02F2, r24
 d14:	8b e3       	ldi	r24, 0x3B	; 59
 d16:	80 93 f3 02 	sts	0x02F3, r24
 d1a:	8f ef       	ldi	r24, 0xFF	; 255
 d1c:	80 93 f4 02 	sts	0x02F4, r24
 d20:	80 e0       	ldi	r24, 0x00	; 0
 d22:	6f ef       	ldi	r22, 0xFF	; 255
 d24:	4f ef       	ldi	r20, 0xFF	; 255
 d26:	2f ef       	ldi	r18, 0xFF	; 255
 d28:	0f ef       	ldi	r16, 0xFF	; 255
 d2a:	a3 e4       	ldi	r26, 0x43	; 67
 d2c:	ea 2e       	mov	r14, r26
 d2e:	f1 2c       	mov	r15, r1
 d30:	0e 94 8e 04 	call	0x91c	; 0x91c <FCM_SetDestination>
 d34:	80 e0       	ldi	r24, 0x00	; 0
 d36:	0e 94 e1 00 	call	0x1c2	; 0x1c2 <FCM_TxStart>
 d3a:	80 e0       	ldi	r24, 0x00	; 0
 d3c:	65 ee       	ldi	r22, 0xE5	; 229
 d3e:	71 e0       	ldi	r23, 0x01	; 1
 d40:	44 e2       	ldi	r20, 0x24	; 36
 d42:	52 e0       	ldi	r21, 0x02	; 2
 d44:	20 e1       	ldi	r18, 0x10	; 16
 d46:	31 e0       	ldi	r19, 0x01	; 1
 d48:	0e 94 be 04 	call	0x97c	; 0x97c <FCM_TxSendArray>
 d4c:	80 e0       	ldi	r24, 0x00	; 0
 d4e:	0e 94 ff 03 	call	0x7fe	; 0x7fe <FCM_TxEnd>
 d52:	0f 91       	pop	r16
 d54:	ff 90       	pop	r15
 d56:	ef 90       	pop	r14
 d58:	08 95       	ret

00000d5a <FCM_DHCP_Run>:
 d5a:	1f 93       	push	r17
 d5c:	0e 94 70 02 	call	0x4e0	; 0x4e0 <FCM_DHCP_Parse>
 d60:	18 2f       	mov	r17, r24
 d62:	80 91 0a 01 	lds	r24, 0x010A
 d66:	84 30       	cpi	r24, 0x04	; 4
 d68:	19 f1       	breq	.+70     	; 0xdb0 <FCM_DHCP_Run+0x56>
 d6a:	85 30       	cpi	r24, 0x05	; 5
 d6c:	40 f4       	brcc	.+16     	; 0xd7e <FCM_DHCP_Run+0x24>
 d6e:	82 30       	cpi	r24, 0x02	; 2
 d70:	99 f0       	breq	.+38     	; 0xd98 <FCM_DHCP_Run+0x3e>
 d72:	83 30       	cpi	r24, 0x03	; 3
 d74:	b0 f4       	brcc	.+44     	; 0xda2 <FCM_DHCP_Run+0x48>
 d76:	81 30       	cpi	r24, 0x01	; 1
 d78:	09 f0       	breq	.+2      	; 0xd7c <FCM_DHCP_Run+0x22>
 d7a:	44 c0       	rjmp	.+136    	; 0xe04 <FCM_DHCP_Run+0xaa>
 d7c:	06 c0       	rjmp	.+12     	; 0xd8a <FCM_DHCP_Run+0x30>
 d7e:	85 30       	cpi	r24, 0x05	; 5
 d80:	d9 f0       	breq	.+54     	; 0xdb8 <FCM_DHCP_Run+0x5e>
 d82:	89 30       	cpi	r24, 0x09	; 9
 d84:	08 f0       	brcs	.+2      	; 0xd88 <FCM_DHCP_Run+0x2e>
 d86:	3e c0       	rjmp	.+124    	; 0xe04 <FCM_DHCP_Run+0xaa>
 d88:	0c c0       	rjmp	.+24     	; 0xda2 <FCM_DHCP_Run+0x48>
 d8a:	12 30       	cpi	r17, 0x02	; 2
 d8c:	61 f4       	brne	.+24     	; 0xda6 <FCM_DHCP_Run+0x4c>
 d8e:	0e 94 7a 05 	call	0xaf4	; 0xaf4 <FCM_DHCP_Request>
 d92:	10 93 0a 01 	sts	0x010A, r17
 d96:	05 c0       	rjmp	.+10     	; 0xda2 <FCM_DHCP_Run+0x48>
 d98:	15 30       	cpi	r17, 0x05	; 5
 d9a:	29 f4       	brne	.+10     	; 0xda6 <FCM_DHCP_Run+0x4c>
 d9c:	83 e0       	ldi	r24, 0x03	; 3
 d9e:	80 93 0a 01 	sts	0x010A, r24
 da2:	10 e0       	ldi	r17, 0x00	; 0
 da4:	3a c0       	rjmp	.+116    	; 0xe1a <FCM_DHCP_Run+0xc0>
 da6:	80 ea       	ldi	r24, 0xA0	; 160
 da8:	9f e0       	ldi	r25, 0x0F	; 15
 daa:	01 97       	sbiw	r24, 0x01	; 1
 dac:	f1 f7       	brne	.-4      	; 0xdaa <FCM_DHCP_Run+0x50>
 dae:	20 c0       	rjmp	.+64     	; 0xdf0 <FCM_DHCP_Run+0x96>
 db0:	0e 94 7a 05 	call	0xaf4	; 0xaf4 <FCM_DHCP_Request>
 db4:	85 e0       	ldi	r24, 0x05	; 5
 db6:	f3 cf       	rjmp	.-26     	; 0xd9e <FCM_DHCP_Run+0x44>
 db8:	15 30       	cpi	r17, 0x05	; 5
 dba:	a9 f4       	brne	.+42     	; 0xde6 <FCM_DHCP_Run+0x8c>
 dbc:	80 91 00 01 	lds	r24, 0x0100
 dc0:	90 91 01 01 	lds	r25, 0x0101
 dc4:	a0 91 02 01 	lds	r26, 0x0102
 dc8:	b0 91 03 01 	lds	r27, 0x0103
 dcc:	b6 95       	lsr	r27
 dce:	a7 95       	ror	r26
 dd0:	97 95       	ror	r25
 dd2:	87 95       	ror	r24
 dd4:	80 93 06 01 	sts	0x0106, r24
 dd8:	90 93 07 01 	sts	0x0107, r25
 ddc:	a0 93 08 01 	sts	0x0108, r26
 de0:	b0 93 09 01 	sts	0x0109, r27
 de4:	db cf       	rjmp	.-74     	; 0xd9c <FCM_DHCP_Run+0x42>
 de6:	16 30       	cpi	r17, 0x06	; 6
 de8:	19 f4       	brne	.+6      	; 0xdf0 <FCM_DHCP_Run+0x96>
 dea:	10 92 0a 01 	sts	0x010A, r1
 dee:	d9 cf       	rjmp	.-78     	; 0xda2 <FCM_DHCP_Run+0x48>
 df0:	80 91 04 01 	lds	r24, 0x0104
 df4:	90 91 05 01 	lds	r25, 0x0105
 df8:	01 96       	adiw	r24, 0x01	; 1
 dfa:	90 93 05 01 	sts	0x0105, r25
 dfe:	80 93 04 01 	sts	0x0104, r24
 e02:	cf cf       	rjmp	.-98     	; 0xda2 <FCM_DHCP_Run+0x48>
 e04:	80 e0       	ldi	r24, 0x00	; 0
 e06:	64 e4       	ldi	r22, 0x44	; 68
 e08:	70 e0       	ldi	r23, 0x00	; 0
 e0a:	0e 94 31 04 	call	0x862	; 0x862 <FCM_CreateUDPSocket>
 e0e:	18 2f       	mov	r17, r24
 e10:	0e 94 26 06 	call	0xc4c	; 0xc4c <FCM_DHCP_Discover>
 e14:	81 e0       	ldi	r24, 0x01	; 1
 e16:	80 93 0a 01 	sts	0x010A, r24
 e1a:	81 2f       	mov	r24, r17
 e1c:	1f 91       	pop	r17
 e1e:	08 95       	ret

00000e20 <FCM_Initialise>:
 e20:	10 92 47 01 	sts	0x0147, r1
 e24:	88 e0       	ldi	r24, 0x08	; 8
 e26:	80 93 48 01 	sts	0x0148, r24
 e2a:	8c ed       	ldi	r24, 0xDC	; 220
 e2c:	80 93 49 01 	sts	0x0149, r24
 e30:	10 92 4a 01 	sts	0x014A, r1
 e34:	10 92 4b 01 	sts	0x014B, r1
 e38:	10 92 4c 01 	sts	0x014C, r1
 e3c:	0e 94 53 00 	call	0xa6	; 0xa6 <FC_CAL_SPI_Master_Init_1>
 e40:	10 92 0b 01 	sts	0x010B, r1
 e44:	80 e0       	ldi	r24, 0x00	; 0
 e46:	90 e0       	ldi	r25, 0x00	; 0
 e48:	60 e8       	ldi	r22, 0x80	; 128
 e4a:	0e 94 20 01 	call	0x240	; 0x240 <FCM_MAC_WriteByte>
 e4e:	86 e1       	ldi	r24, 0x16	; 22
 e50:	90 e0       	ldi	r25, 0x00	; 0
 e52:	60 e0       	ldi	r22, 0x00	; 0
 e54:	0e 94 20 01 	call	0x240	; 0x240 <FCM_MAC_WriteByte>
 e58:	89 e0       	ldi	r24, 0x09	; 9
 e5a:	90 e0       	ldi	r25, 0x00	; 0
 e5c:	67 e4       	ldi	r22, 0x47	; 71
 e5e:	71 e0       	ldi	r23, 0x01	; 1
 e60:	46 e0       	ldi	r20, 0x06	; 6
 e62:	50 e0       	ldi	r21, 0x00	; 0
 e64:	26 e0       	ldi	r18, 0x06	; 6
 e66:	30 e0       	ldi	r19, 0x00	; 0
 e68:	0e 94 89 00 	call	0x112	; 0x112 <FCM_MAC_WriteArray>
 e6c:	10 92 4d 01 	sts	0x014D, r1
 e70:	10 92 4e 01 	sts	0x014E, r1
 e74:	10 92 4f 01 	sts	0x014F, r1
 e78:	10 92 50 01 	sts	0x0150, r1
 e7c:	10 92 5d 01 	sts	0x015D, r1
 e80:	10 92 5e 01 	sts	0x015E, r1
 e84:	10 92 5f 01 	sts	0x015F, r1
 e88:	10 92 60 01 	sts	0x0160, r1
 e8c:	81 e0       	ldi	r24, 0x01	; 1
 e8e:	90 e0       	ldi	r25, 0x00	; 0
 e90:	6d e5       	ldi	r22, 0x5D	; 93
 e92:	71 e0       	ldi	r23, 0x01	; 1
 e94:	44 e0       	ldi	r20, 0x04	; 4
 e96:	50 e0       	ldi	r21, 0x00	; 0
 e98:	24 e0       	ldi	r18, 0x04	; 4
 e9a:	30 e0       	ldi	r19, 0x00	; 0
 e9c:	0e 94 89 00 	call	0x112	; 0x112 <FCM_MAC_WriteArray>
 ea0:	8f e0       	ldi	r24, 0x0F	; 15
 ea2:	90 e0       	ldi	r25, 0x00	; 0
 ea4:	6d e4       	ldi	r22, 0x4D	; 77
 ea6:	71 e0       	ldi	r23, 0x01	; 1
 ea8:	44 e0       	ldi	r20, 0x04	; 4
 eaa:	50 e0       	ldi	r21, 0x00	; 0
 eac:	24 e0       	ldi	r18, 0x04	; 4
 eae:	30 e0       	ldi	r19, 0x00	; 0
 eb0:	0e 94 89 00 	call	0x112	; 0x112 <FCM_MAC_WriteArray>
 eb4:	10 92 05 01 	sts	0x0105, r1
 eb8:	10 92 04 01 	sts	0x0104, r1
 ebc:	10 92 0a 01 	sts	0x010A, r1
 ec0:	02 c0       	rjmp	.+4      	; 0xec6 <FCM_Initialise+0xa6>
 ec2:	0e 94 ad 06 	call	0xd5a	; 0xd5a <FCM_DHCP_Run>
 ec6:	80 91 04 01 	lds	r24, 0x0104
 eca:	90 91 05 01 	lds	r25, 0x0105
 ece:	88 5e       	subi	r24, 0xE8	; 232
 ed0:	93 40       	sbci	r25, 0x03	; 3
 ed2:	20 f4       	brcc	.+8      	; 0xedc <FCM_Initialise+0xbc>
 ed4:	80 91 0a 01 	lds	r24, 0x010A
 ed8:	83 30       	cpi	r24, 0x03	; 3
 eda:	98 f3       	brcs	.-26     	; 0xec2 <FCM_Initialise+0xa2>
 edc:	81 e0       	ldi	r24, 0x01	; 1
 ede:	90 e0       	ldi	r25, 0x00	; 0
 ee0:	6d e5       	ldi	r22, 0x5D	; 93
 ee2:	71 e0       	ldi	r23, 0x01	; 1
 ee4:	44 e0       	ldi	r20, 0x04	; 4
 ee6:	50 e0       	ldi	r21, 0x00	; 0
 ee8:	24 e0       	ldi	r18, 0x04	; 4
 eea:	30 e0       	ldi	r19, 0x00	; 0
 eec:	0e 94 89 00 	call	0x112	; 0x112 <FCM_MAC_WriteArray>
 ef0:	85 e0       	ldi	r24, 0x05	; 5
 ef2:	90 e0       	ldi	r25, 0x00	; 0
 ef4:	63 e2       	ldi	r22, 0x23	; 35
 ef6:	71 e0       	ldi	r23, 0x01	; 1
 ef8:	44 e0       	ldi	r20, 0x04	; 4
 efa:	50 e0       	ldi	r21, 0x00	; 0
 efc:	24 e0       	ldi	r18, 0x04	; 4
 efe:	30 e0       	ldi	r19, 0x00	; 0
 f00:	0e 94 89 00 	call	0x112	; 0x112 <FCM_MAC_WriteArray>
 f04:	8f e0       	ldi	r24, 0x0F	; 15
 f06:	90 e0       	ldi	r25, 0x00	; 0
 f08:	6d e4       	ldi	r22, 0x4D	; 77
 f0a:	71 e0       	ldi	r23, 0x01	; 1
 f0c:	44 e0       	ldi	r20, 0x04	; 4
 f0e:	50 e0       	ldi	r21, 0x00	; 0
 f10:	24 e0       	ldi	r18, 0x04	; 4
 f12:	30 e0       	ldi	r19, 0x00	; 0
 f14:	0e 94 89 00 	call	0x112	; 0x112 <FCM_MAC_WriteArray>
 f18:	89 e1       	ldi	r24, 0x19	; 25
 f1a:	90 e0       	ldi	r25, 0x00	; 0
 f1c:	6f e0       	ldi	r22, 0x0F	; 15
 f1e:	0e 94 20 01 	call	0x240	; 0x240 <FCM_MAC_WriteByte>
 f22:	8a e1       	ldi	r24, 0x1A	; 26
 f24:	90 e0       	ldi	r25, 0x00	; 0
 f26:	60 ea       	ldi	r22, 0xA0	; 160
 f28:	0e 94 20 01 	call	0x240	; 0x240 <FCM_MAC_WriteByte>
 f2c:	8b e1       	ldi	r24, 0x1B	; 27
 f2e:	90 e0       	ldi	r25, 0x00	; 0
 f30:	69 e1       	ldi	r22, 0x19	; 25
 f32:	0e 94 20 01 	call	0x240	; 0x240 <FCM_MAC_WriteByte>
 f36:	8f e0       	ldi	r24, 0x0F	; 15
 f38:	90 e0       	ldi	r25, 0x00	; 0
 f3a:	0e 94 40 01 	call	0x280	; 0x280 <FCM_MAC_ReadByte>
 f3e:	90 91 4d 01 	lds	r25, 0x014D
 f42:	20 e0       	ldi	r18, 0x00	; 0
 f44:	89 17       	cp	r24, r25
 f46:	09 f4       	brne	.+2      	; 0xf4a <FCM_Initialise+0x12a>
 f48:	21 e0       	ldi	r18, 0x01	; 1
 f4a:	82 2f       	mov	r24, r18
 f4c:	08 95       	ret

00000f4e <main>:
 f4e:	14 be       	out	0x34, r1	; 52
 f50:	0e 94 10 07 	call	0xe20	; 0xe20 <FCM_Initialise>
 f54:	ff cf       	rjmp	.-2      	; 0xf54 <main+0x6>

00000f56 <_exit>:
 f56:	f8 94       	cli

00000f58 <__stop_program>:
 f58:	ff cf       	rjmp	.-2      	; 0xf58 <__stop_program>
